<html>
<body>
<pre>
<h1>µVision Build Log</h1>
<h2>Tool Versions:</h2>
IDE-Version: ¦ÌVision V5.26.2.0
Copyright (C) 2018 ARM Ltd and ARM Germany GmbH. All rights reserved.
License Information: Bao Guo, HP Inc., LIC=IK1BF-60CLR-X7VRZ-JPY9S-2NW0E-BBAH3
 
Tool Versions:
Toolchain:       MDK-ARM Plus  Version: 5.26.2.0
Toolchain Path:  C:\Keil_v5\ARM\ARMCC\Bin
C Compiler:      Armcc.exe V5.06 update 6 (build 750)
Assembler:       Armasm.exe V5.06 update 6 (build 750)
Linker/Locator:  ArmLink.exe V5.06 update 6 (build 750)
Library Manager: ArmAr.exe V5.06 update 6 (build 750)
Hex Converter:   FromElf.exe V5.06 update 6 (build 750)
CPU DLL:         SARMCM3.DLL V5.26.2.0
Dialog DLL:      DCM.DLL V1.17.2.0
Target DLL:      CMSIS_AGDI.dll V1.30.6.0
Dialog DLL:      TCM.DLL V1.36.1.0
 
<h2>Project:</h2>
C:\Users\baogu\Desktop\0126 block\MDK-ARM\Robot.uvprojx
Project File Date:  01/22/2024

<h2>Output:</h2>
*** Using Compiler 'V5.06 update 6 (build 750)', folder: 'C:\Keil_v5\ARM\ARMCC\Bin'
Build target 'Robot'
compiling Shoot_Task.c...
..\Robot\Tasks\Shoot_Task.c(260): warning:  #223-D: function "printf" declared implicitly
  		printf("%.3f\r\n", shoot_m2006.speed_pid.out); //debug
..\Robot\Tasks\Shoot_Task.c: 1 warning, 0 errors
linking...
Program Size: Code=64560 RO-data=4028 RW-data=936 ZI-data=57168  
FromELF: creating hex file...
"Robot\Robot.axf" - 0 Error(s), 1 Warning(s).

<h2>Software Packages used:</h2>

Package Vendor: ARM
                http://www.keil.com/pack/ARM.CMSIS.5.8.0.pack
                ARM.CMSIS.5.8.0
                CMSIS (Common Microcontroller Software Interface Standard)
   * Component: CORE Version: 5.5.0
   * Component: DSP Variant: Source Version: 1.9.0-dev

Package Vendor: Keil
                http://www.keil.com/pack/Keil.STM32F4xx_DFP.2.10.0.pack
                Keil.STM32F4xx_DFP.2.10.0
                STMicroelectronics STM32F4 Series Device Support, Drivers and Examples

<h2>Collection of Component include folders:</h2>
  .\RTE\_Robot
  C:\Keil_v5\ARM\PACK\ARM\CMSIS\5.8.0\CMSIS\Core\Include
  C:\Keil_v5\ARM\PACK\ARM\CMSIS\5.8.0\CMSIS\DSP\Include
  C:\Keil_v5\ARM\PACK\ARM\CMSIS\5.8.0\CMSIS\DSP\PrivateInclude
  C:\Keil_v5\ARM\PACK\Keil\STM32F4xx_DFP\2.10.0\Drivers\CMSIS\Device\ST\STM32F4xx\Include

<h2>Collection of Component Files used:</h2>

   * Component: ARM::CMSIS:CORE:5.5.0

   * Component: ARM::CMSIS:DSP:Source:1.9.0-dev
      Include file:  CMSIS\DSP\Include\arm_math.h
      Include file:  CMSIS\DSP\Include\arm_math_f16.h
      Include file:  CMSIS\DSP\Include\arm_common_tables.h
      Include file:  CMSIS\DSP\Include\arm_common_tables_f16.h
      Include file:  CMSIS\DSP\Include\arm_const_structs.h
      Include file:  CMSIS\DSP\Include\arm_const_structs_f16.h
      Source file:   CMSIS\DSP\Source\ComplexMathFunctions\ComplexMathFunctionsF16.c
      Source file:   CMSIS\DSP\Source\ComplexMathFunctions\ComplexMathFunctions.c
      Source file:   CMSIS\DSP\Source\StatisticsFunctions\StatisticsFunctions.c
      Source file:   CMSIS\DSP\Source\TransformFunctions\TransformFunctions.c
      Source file:   CMSIS\DSP\Source\QuaternionMathFunctions\QuaternionMathFunctions.c
      Source file:   CMSIS\DSP\Source\BayesFunctions\BayesFunctions.c
      Source file:   CMSIS\DSP\Source\CommonTables\CommonTablesF16.c
      Source file:   CMSIS\DSP\Source\ControllerFunctions\ControllerFunctions.c
      Source file:   CMSIS\DSP\Source\MatrixFunctions\MatrixFunctions.c
      Source file:   CMSIS\DSP\Source\SupportFunctions\SupportFunctions.c
      Source file:   CMSIS\DSP\Source\TransformFunctions\TransformFunctionsF16.c
      Source file:   CMSIS\DSP\Source\InterpolationFunctions\InterpolationFunctionsF16.c
      Source file:   CMSIS\DSP\Source\DistanceFunctions\DistanceFunctionsF16.c
      Source file:   CMSIS\DSP\Source\BasicMathFunctions\BasicMathFunctions.c
      Source file:   CMSIS\DSP\Source\MatrixFunctions\MatrixFunctionsF16.c
      Source file:   CMSIS\DSP\Source\SupportFunctions\SupportFunctionsF16.c
      Source file:   CMSIS\DSP\Source\BayesFunctions\BayesFunctionsF16.c
      Source file:   CMSIS\DSP\Source\SVMFunctions\SVMFunctions.c
      Source file:   CMSIS\DSP\Source\DistanceFunctions\DistanceFunctions.c
      Source file:   CMSIS\DSP\Source\SVMFunctions\SVMFunctionsF16.c
      Source file:   CMSIS\DSP\Source\InterpolationFunctions\InterpolationFunctions.c
      Source file:   CMSIS\DSP\Source\FilteringFunctions\FilteringFunctions.c
      Source file:   CMSIS\DSP\Source\CommonTables\CommonTables.c
      Source file:   CMSIS\DSP\Source\FilteringFunctions\FilteringFunctionsF16.c
      Source file:   CMSIS\DSP\Source\StatisticsFunctions\StatisticsFunctionsF16.c
      Source file:   CMSIS\DSP\Source\FastMathFunctions\FastMathFunctionsF16.c
      Source file:   CMSIS\DSP\Source\FastMathFunctions\FastMathFunctions.c
      Source file:   CMSIS\DSP\Source\BasicMathFunctions\BasicMathFunctionsF16.c
Build Time Elapsed:  00:00:03
</pre>
</body>
</html>
