Component: ARM Compiler 5.06 update 6 (build 750) Tool: armlink [4d35ed]

==============================================================================

Section Cross References

    startup_stm32f407xx.o(STACK) refers (Special) to heapauxi.o(.text) for __use_two_region_memory
    startup_stm32f407xx.o(HEAP) refers (Special) to heapauxi.o(.text) for __use_two_region_memory
    startup_stm32f407xx.o(RESET) refers (Special) to heapauxi.o(.text) for __use_two_region_memory
    startup_stm32f407xx.o(RESET) refers to startup_stm32f407xx.o(STACK) for __initial_sp
    startup_stm32f407xx.o(RESET) refers to startup_stm32f407xx.o(.text) for Reset_Handler
    startup_stm32f407xx.o(RESET) refers to stm32f4xx_it.o(i.NMI_Handler) for NMI_Handler
    startup_stm32f407xx.o(RESET) refers to stm32f4xx_it.o(i.HardFault_Handler) for HardFault_Handler
    startup_stm32f407xx.o(RESET) refers to stm32f4xx_it.o(i.MemManage_Handler) for MemManage_Handler
    startup_stm32f407xx.o(RESET) refers to stm32f4xx_it.o(i.BusFault_Handler) for BusFault_Handler
    startup_stm32f407xx.o(RESET) refers to stm32f4xx_it.o(i.UsageFault_Handler) for UsageFault_Handler
    startup_stm32f407xx.o(RESET) refers to port.o(.emb_text) for SVC_Handler
    startup_stm32f407xx.o(RESET) refers to stm32f4xx_it.o(i.DebugMon_Handler) for DebugMon_Handler
    startup_stm32f407xx.o(RESET) refers to port.o(i.SysTick_Handler) for SysTick_Handler
    startup_stm32f407xx.o(RESET) refers to stm32f4xx_it.o(i.EXTI0_IRQHandler) for EXTI0_IRQHandler
    startup_stm32f407xx.o(RESET) refers to stm32f4xx_it.o(i.EXTI3_IRQHandler) for EXTI3_IRQHandler
    startup_stm32f407xx.o(RESET) refers to stm32f4xx_it.o(i.EXTI4_IRQHandler) for EXTI4_IRQHandler
    startup_stm32f407xx.o(RESET) refers to stm32f4xx_it.o(i.DMA1_Stream1_IRQHandler) for DMA1_Stream1_IRQHandler
    startup_stm32f407xx.o(RESET) refers to stm32f4xx_it.o(i.CAN1_RX0_IRQHandler) for CAN1_RX0_IRQHandler
    startup_stm32f407xx.o(RESET) refers to stm32f4xx_it.o(i.EXTI9_5_IRQHandler) for EXTI9_5_IRQHandler
    startup_stm32f407xx.o(RESET) refers to stm32f4xx_it.o(i.TIM2_IRQHandler) for TIM2_IRQHandler
    startup_stm32f407xx.o(RESET) refers to remote_control.o(i.USART3_IRQHandler) for USART3_IRQHandler
    startup_stm32f407xx.o(RESET) refers to stm32f4xx_it.o(i.TIM8_TRG_COM_TIM14_IRQHandler) for TIM8_TRG_COM_TIM14_IRQHandler
    startup_stm32f407xx.o(RESET) refers to stm32f4xx_it.o(i.DMA2_Stream1_IRQHandler) for DMA2_Stream1_IRQHandler
    startup_stm32f407xx.o(RESET) refers to ins_task.o(i.DMA2_Stream2_IRQHandler) for DMA2_Stream2_IRQHandler
    startup_stm32f407xx.o(RESET) refers to stm32f4xx_it.o(i.DMA2_Stream3_IRQHandler) for DMA2_Stream3_IRQHandler
    startup_stm32f407xx.o(RESET) refers to stm32f4xx_it.o(i.CAN2_RX0_IRQHandler) for CAN2_RX0_IRQHandler
    startup_stm32f407xx.o(RESET) refers to stm32f4xx_it.o(i.OTG_FS_IRQHandler) for OTG_FS_IRQHandler
    startup_stm32f407xx.o(RESET) refers to stm32f4xx_it.o(i.DMA2_Stream6_IRQHandler) for DMA2_Stream6_IRQHandler
    startup_stm32f407xx.o(RESET) refers to referee_task.o(i.USART6_IRQHandler) for USART6_IRQHandler
    startup_stm32f407xx.o(.text) refers (Special) to heapauxi.o(.text) for __use_two_region_memory
    startup_stm32f407xx.o(.text) refers to system_stm32f4xx.o(i.SystemInit) for SystemInit
    startup_stm32f407xx.o(.text) refers to __main.o(!!!main) for __main
    startup_stm32f407xx.o(.text) refers to startup_stm32f407xx.o(HEAP) for Heap_Mem
    startup_stm32f407xx.o(.text) refers to startup_stm32f407xx.o(STACK) for Stack_Mem
    bsp_delay.o(i.delay_init) refers to system_stm32f4xx.o(.data) for SystemCoreClock
    bsp_delay.o(i.delay_init) refers to bsp_delay.o(.data) for .data
    bsp_delay.o(i.delay_ms) refers to bsp_delay.o(.data) for .data
    bsp_delay.o(i.delay_us) refers to bsp_delay.o(.data) for .data
    bsp_imu_pwm.o(i.imu_pwm_set) refers to tim.o(.bss) for htim10
    bsp_spi.o(i.SPI1_DMA_enable) refers to spi.o(.bss) for hdma_spi1_rx
    bsp_spi.o(i.SPI1_DMA_init) refers to spi.o(.bss) for hspi1
    bsp_rc.o(i.RC_Init) refers to usart.o(.bss) for huart3
    bsp_rc.o(i.RC_restart) refers to usart.o(.bss) for huart3
    bsp_rc.o(i.RC_unable) refers to usart.o(.bss) for huart3
    bsp_can.o(i.CAN_9025_CMD) refers to stm32f4xx_hal_can.o(i.HAL_CAN_GetTxMailboxesFreeLevel) for HAL_CAN_GetTxMailboxesFreeLevel
    bsp_can.o(i.CAN_9025_CMD) refers to stm32f4xx_hal_can.o(i.HAL_CAN_AddTxMessage) for HAL_CAN_AddTxMessage
    bsp_can.o(i.CAN_9025_CMD) refers to can.o(.bss) for hcan1
    bsp_can.o(i.CAN_CAP_CMD) refers to stm32f4xx_hal_can.o(i.HAL_CAN_AddTxMessage) for HAL_CAN_AddTxMessage
    bsp_can.o(i.CAN_CAP_CMD) refers to can.o(.bss) for hcan2
    bsp_can.o(i.CAN_Chassis_CMD) refers to stm32f4xx_hal_can.o(i.HAL_CAN_AddTxMessage) for HAL_CAN_AddTxMessage
    bsp_can.o(i.CAN_Chassis_CMD) refers to can.o(.bss) for hcan2
    bsp_can.o(i.CAN_PITCH_CMD) refers to stm32f4xx_hal_can.o(i.HAL_CAN_AddTxMessage) for HAL_CAN_AddTxMessage
[...]



==============================================================================

Memory Map of the image

  Image Entry point : 0x08000189

  Load Region LR_IROM1 (Base: 0x08000000, Size: 0x00010f94, Max: 0x00100000, ABSOLUTE, COMPRESSED[0x00010d18])

    Execution Region ER_IROM1 (Exec base: 0x08000000, Load base: 0x08000000, Size: 0x00010bec, Max: 0x00100000, ABSOLUTE)

    Exec Addr    Load Addr    Size         Type   Attr      Idx    E Section Name        Object

    0x08000000   0x08000000   0x00000188   Data   RO            3    RESET               startup_stm32f407xx.o
    0x08000188   0x08000188   0x00000008   Code   RO        15610  * !!!main             c_w.l(__main.o)
    0x08000190   0x08000190   0x00000034   Code   RO        16153    !!!scatter          c_w.l(__scatter.o)
    0x080001c4   0x080001c4   0x0000005a   Code   RO        16151    !!dczerorl2         c_w.l(__dczerorl2.o)
    0x0800021e   0x0800021e   0x00000002   PAD
    0x08000220   0x08000220   0x0000001c   Code   RO        16155    !!handler_zi        c_w.l(__scatter_zi.o)
    0x0800023c   0x0800023c   0x00000000   Code   RO        15593    .ARM.Collect$$_printf_percent$$00000000  c_w.l(_printf_percent.o)
    0x0800023c   0x0800023c   0x00000006   Code   RO        15592    .ARM.Collect$$_printf_percent$$00000003  c_w.l(_printf_f.o)
    0x08000242   0x08000242   0x00000004   Code   RO        15832    .ARM.Collect$$_printf_percent$$00000017  c_w.l(_printf_percent_end.o)
    0x08000246   0x08000246   0x00000002   Code   RO        16084    .ARM.Collect$$libinit$$00000000  c_w.l(libinit.o)
    0x08000248   0x08000248   0x00000004   Code   RO        15841    .ARM.Collect$$libinit$$00000001  c_w.l(libinit2.o)
    0x0800024c   0x0800024c   0x00000000   Code   RO        15844    .ARM.Collect$$libinit$$00000004  c_w.l(libinit2.o)
    0x0800024c   0x0800024c   0x00000008   Code   RO        15845    .ARM.Collect$$libinit$$00000005  c_w.l(libinit2.o)
    0x08000254   0x08000254   0x00000000   Code   RO        15847    .ARM.Collect$$libinit$$0000000A  c_w.l(libinit2.o)
    0x08000254   0x08000254   0x00000000   Code   RO        15849    .ARM.Collect$$libinit$$0000000C  c_w.l(libinit2.o)
    0x08000254   0x08000254   0x00000000   Code   RO        15851    .ARM.Collect$$libinit$$0000000E  c_w.l(libinit2.o)
    0x08000254   0x08000254   0x00000006   Code   RO        15852    .ARM.Collect$$libinit$$0000000F  c_w.l(libinit2.o)
    0x0800025a   0x0800025a   0x00000000   Code   RO        15854    .ARM.Collect$$libinit$$00000011  c_w.l(libinit2.o)
    0x0800025a   0x0800025a   0x00000000   Code   RO        15856    .ARM.Collect$$libinit$$00000013  c_w.l(libinit2.o)
    0x0800025a   0x0800025a   0x00000000   Code   RO        15858    .ARM.Collect$$libinit$$00000015  c_w.l(libinit2.o)
    0x0800025a   0x0800025a   0x0000000a   Code   RO        15859    .ARM.Collect$$libinit$$00000016  c_w.l(libinit2.o)
    0x08000264   0x08000264   0x00000000   Code   RO        15860    .ARM.Collect$$libinit$$00000017  c_w.l(libinit2.o)
    0x08000264   0x08000264   0x00000000   Code   RO        15862    .ARM.Collect$$libinit$$00000019  c_w.l(libinit2.o)
    0x08000264   0x08000264   0x00000000   Code   RO        15864    .ARM.Collect$$libinit$$0000001B  c_w.l(libinit2.o)
    0x08000264   0x08000264   0x00000000   Code   RO        15866    .ARM.Collect$$libinit$$0000001D  c_w.l(libinit2.o)
    0x08000264   0x08000264   0x00000000   Code   RO        15868    .ARM.Collect$$libinit$$0000001F  c_w.l(libinit2.o)
    0x08000264   0x08000264   0x00000000   Code   RO        15870    .ARM.Collect$$libinit$$00000021  c_w.l(libinit2.o)
    0x08000264   0x08000264   0x00000000   Code   RO        15872    .ARM.Collect$$libinit$$00000023  c_w.l(libinit2.o)
    0x08000264   0x08000264   0x00000004   Code   RO        15873    .ARM.Collect$$libinit$$00000024  c_w.l(libinit2.o)
    0x08000268   0x08000268   0x00000000   Code   RO        15874    .ARM.Collect$$libinit$$00000025  c_w.l(libinit2.o)
    0x08000268   0x08000268   0x00000000   Code   RO        15878    .ARM.Collect$$libinit$$0000002C  c_w.l(libinit2.o)
    0x08000268   0x08000268   0x00000000   Code   RO        15880    .ARM.Collect$$libinit$$0000002E  c_w.l(libinit2.o)
    0x08000268   0x08000268   0x00000000   Code   RO        15882    .ARM.Collect$$libinit$$00000030  c_w.l(libinit2.o)
    0x08000268   0x08000268   0x00000000   Code   RO        15884    .ARM.Collect$$libinit$$00000032  c_w.l(libinit2.o)
    0x08000268   0x08000268   0x00000002   Code   RO        15885    .ARM.Collect$$libinit$$00000033  c_w.l(libinit2.o)
    0x0800026a   0x0800026a   0x00000002   Code   RO        16148    .ARM.Collect$$libshutdown$$00000000  c_w.l(libshutdown.o)
    0x0800026c   0x0800026c   0x00000000   Code   RO        16086    .ARM.Collect$$libshutdown$$00000002  c_w.l(libshutdown2.o)
    0x0800026c   0x0800026c   0x00000004   Code   RO        16087    .ARM.Collect$$libshutdown$$00000003  c_w.l(libshutdown2.o)
    0x08000270   0x08000270   0x00000000   Code   RO        16088    .ARM.Collect$$libshutdown$$00000004  c_w.l(libshutdown2.o)
    0x08000270   0x08000270   0x00000000   Code   RO        16091    .ARM.Collect$$libshutdown$$00000007  c_w.l(libshutdown2.o)
    0x08000270   0x08000270   0x00000000   Code   RO        16094    .ARM.Collect$$libshutdown$$0000000A  c_w.l(libshutdown2.o)
    0x08000270   0x08000270   0x00000000   Code   RO        16096    .ARM.Collect$$libshutdown$$0000000C  c_w.l(libshutdown2.o)
    0x08000270   0x08000270   0x00000000   Code   RO        16099    .ARM.Collect$$libshutdown$$0000000F  c_w.l(libshutdown2.o)
    0x08000270   0x08000270   0x00000002   Code   RO        16100    .ARM.Collect$$libshutdown$$00000010  c_w.l(libshutdown2.o)
    0x08000272   0x08000272   0x00000000   Code   RO        15796    .ARM.Collect$$rtentry$$00000000  c_w.l(__rtentry.o)
    0x08000272   0x08000272   0x00000000   Code   RO        15943    .ARM.Collect$$rtentry$$00000002  c_w.l(__rtentry2.o)
    0x08000272   0x08000272   0x00000006   Code   RO        15955    .ARM.Collect$$rtentry$$00000004  c_w.l(__rtentry4.o)
    0x08000278   0x08000278   0x00000000   Code   RO        15945    .ARM.Collect$$rtentry$$00000009  c_w.l(__rtentry2.o)
    0x08000278   0x08000278   0x00000004   Code   RO        15946    .ARM.Collect$$rtentry$$0000000A  c_w.l(__rtentry2.o)
    0x0800027c   0x0800027c   0x00000000   Code   RO        15948    .ARM.Collect$$rtentry$$0000000C  c_w.l(__rtentry2.o)
    0x0800027c   0x0800027c   0x00000008   Code   RO        15949    .ARM.Collect$$rtentry$$0000000D  c_w.l(__rtentry2.o)
    0x08000284   0x08000284   0x00000002   Code   RO        16103    .ARM.Collect$$rtexit$$00000000  c_w.l(rtexit.o)
    0x08000286   0x08000286   0x00000000   Code   RO        16124    .ARM.Collect$$rtexit$$00000002  c_w.l(rtexit2.o)
    0x08000286   0x08000286   0x00000004   Code   RO        16125    .ARM.Collect$$rtexit$$00000003  c_w.l(rtexit2.o)
    0x0800028a   0x0800028a   0x00000006   Code   RO        16126    .ARM.Collect$$rtexit$$00000004  c_w.l(rtexit2.o)
    0x08000290   0x08000290   0x000000be   Code   RO         9989    .emb_text           port.o
    0x0800034e   0x0800034e   0x00000002   PAD
    0x08000350   0x08000350   0x00000000   Code   RO        15971    .emb_text           c_w.l(maybetermalloc1.o)
    0x08000350   0x08000350   0x00000040   Code   RO            4    .text               startup_stm32f407xx.o
    0x08000390   0x08000390   0x0000005e   Code   RO        15500    .text               c_w.l(h1_alloc.o)
    0x080003ee   0x080003ee   0x0000004e   Code   RO        15502    .text               c_w.l(h1_free.o)
    0x0800043c   0x0800043c   0x000000ee   Code   RO        15558    .text               c_w.l(lludivv7m.o)
    0x0800052a   0x0800052a   0x00000002   PAD
    0x0800052c   0x0800052c   0x00000018   Code   RO        15568    .text               c_w.l(noretval__2printf.o)
    0x08000544   0x08000544   0x0000010e   Code   RO        15580    .text               c_w.l(__printf_wp.o)
    0x08000652   0x08000652   0x0000003e   Code   RO        15594    .text               c_w.l(strlen.o)
    0x08000690   0x08000690   0x0000008a   Code   RO        15596    .text               c_w.l(rt_memcpy_v6.o)
    0x0800071a   0x0800071a   0x00000064   Code   RO        15598    .text               c_w.l(rt_memcpy_w.o)
    0x0800077e   0x0800077e   0x00000010   Code   RO        15602    .text               c_w.l(aeabi_memset.o)
    0x0800078e   0x0800078e   0x00000044   Code   RO        15604    .text               c_w.l(rt_memclr.o)
    0x080007d2   0x080007d2   0x0000004e   Code   RO        15606    .text               c_w.l(rt_memclr_w.o)
    0x08000820   0x08000820   0x00000006   Code   RO        15608    .text               c_w.l(heapauxi.o)
    0x08000826   0x08000826   0x00000002   PAD
    0x08000828   0x08000828   0x00000008   Code   RO        15804    .text               c_w.l(rt_heap_descriptor_intlibspace.o)
    0x08000830   0x08000830   0x00000004   Code   RO        15806    .text               c_w.l(hguard.o)
    0x08000834   0x08000834   0x0000008a   Code   RO        15808    .text               c_w.l(init_alloc.o)
    0x080008be   0x080008be   0x0000000e   Code   RO        15812    .text               c_w.l(h1_init.o)
    0x080008cc   0x080008cc   0x00000016   Code   RO        15826    .text               c_w.l(_rserrno.o)
    0x080008e2   0x080008e2   0x0000041e   Code   RO        15828    .text               c_w.l(_printf_fp_dec.o)
    0x08000d00   0x08000d00   0x00000024   Code   RO        15830    .text               c_w.l(_printf_char_file.o)
    0x08000d24   0x08000d24   0x00000008   Code   RO        15939    .text               c_w.l(libspace.o)
    0x08000d2c   0x08000d2c   0x00000008   Code   RO        15962    .text               c_w.l(rt_locale_intlibspace.o)
    0x08000d34   0x08000d34   0x00000008   Code   RO        15967    .text               c_w.l(rt_errno_addr_intlibspace.o)
    0x08000d3c   0x08000d3c   0x00000034   Code   RO        15973    .text               c_w.l(h1_extend.o)
    0x08000d70   0x08000d70   0x0000008a   Code   RO        15977    .text               c_w.l(lludiv10.o)
    0x08000dfa   0x08000dfa   0x00000002   PAD
    0x08000dfc   0x08000dfc   0x00000030   Code   RO        15979    .text               c_w.l(_printf_char_common.o)
    0x08000e2c   0x08000e2c   0x00000080   Code   RO        15981    .text               c_w.l(_printf_fp_infnan.o)
    0x08000eac   0x08000eac   0x000000e4   Code   RO        15983    .text               c_w.l(bigflt0.o)
    0x08000f90   0x08000f90   0x00000008   Code   RO        16008    .text               c_w.l(ferror.o)
    0x08000f98   0x08000f98   0x00000138   Code   RO        16010    .text               c_w.l(initio.o)
    0x080010d0   0x080010d0   0x0000000e   Code   RO        16019    .text               c_w.l(defsig_rtmem_outer.o)
    0x080010de   0x080010de   0x00000066   Code   RO        16032    .text               c_w.l(sys_io.o)
    0x08001144   0x08001144   0x00000002   Code   RO        16037    .text               c_w.l(use_no_semi.o)
    0x08001146   0x08001146   0x00000000   Code   RO        16039    .text               c_w.l(indicate_semi.o)
    0x08001146   0x08001146   0x0000004a   Code   RO        16040    .text               c_w.l(sys_stackheap_outer.o)
    0x08001190   0x08001190   0x00000046   Code   RO        16048    .text               c_w.l(setvbuf.o)
    0x080011d6   0x080011d6   0x00000002   PAD
    0x080011d8   0x080011d8   0x000000ec   Code   RO        16051    .text               c_w.l(fopen.o)
    0x080012c4   0x080012c4   0x0000004c   Code   RO        16053    .text               c_w.l(fclose.o)
    0x08001310   0x08001310   0x00000012   Code   RO        16059    .text               c_w.l(exit.o)
    0x08001322   0x08001322   0x0000000a   Code   RO        16061    .text               c_w.l(defsig_exit.o)
    0x0800132c   0x0800132c   0x0000000e   Code   RO        16067    .text               c_w.l(defsig_rtred_outer.o)
    0x0800133a   0x0800133a   0x00000002   PAD
    0x0800133c   0x0800133c   0x00000050   Code   RO        16071    .text               c_w.l(defsig_rtmem_inner.o)
    0x0800138c   0x0800138c   0x00000080   Code   RO        16073    .text               c_w.l(strcmpv7m.o)
    0x0800140c   0x0800140c   0x0000000c   Code   RO        16101    .text               c_w.l(sys_exit.o)
    0x08001418   0x08001418   0x000000f8   Code   RO        16109    .text               c_w.l(fseek.o)
    0x08001510   0x08001510   0x000000f0   Code   RO        16111    .text               c_w.l(stdio.o)
    0x08001600   0x08001600   0x00000032   Code   RO        16115    .text               c_w.l(defsig_general.o)
    0x08001632   0x08001632   0x00000002   PAD
    0x08001634   0x08001634   0x00000034   Code   RO        16119    .text               c_w.l(defsig_rtred_inner.o)
    0x08001668   0x08001668   0x0000000e   Code   RO        16121    .text               c_w.l(sys_wrch.o)
    0x08001676   0x08001676   0x00000042   Code   RO        16130    .text               c_w.l(ftell.o)
    0x080016b8   0x080016b8   0x0000003e   Code   RO        15986    CL$$btod_d2e        c_w.l(btod.o)
    0x080016f6   0x080016f6   0x00000046   Code   RO        15988    CL$$btod_d2e_denorm_low  c_w.l(btod.o)
    0x0800173c   0x0800173c   0x00000060   Code   RO        15987    CL$$btod_d2e_norm_op1  c_w.l(btod.o)
    0x0800179c   0x0800179c   0x00000338   Code   RO        15996    CL$$btod_div_common  c_w.l(btod.o)
    0x08001ad4   0x08001ad4   0x000000dc   Code   RO        15993    CL$$btod_e2e        c_w.l(btod.o)
    0x08001bb0   0x08001bb0   0x0000002a   Code   RO        15990    CL$$btod_ediv       c_w.l(btod.o)
    0x08001bda   0x08001bda   0x0000002a   Code   RO        15989    CL$$btod_emul       c_w.l(btod.o)
    0x08001c04   0x08001c04   0x00000244   Code   RO        15995    CL$$btod_mult_common  c_w.l(btod.o)
    0x08001e48   0x08001e48   0x00000004   Code   RO         4251    i.AHRS_asinf        ahrs_middleware.o
    0x08001e4c   0x08001e4c   0x00000004   Code   RO         4252    i.AHRS_atan2f       ahrs_middleware.o
    0x08001e50   0x08001e50   0x00000004   Code   RO         4253    i.AHRS_cosf         ahrs_middleware.o
    0x08001e54   0x08001e54   0x0000001a   Code   RO        15407    i.AHRS_fabs         AHRS.lib(ahrs.o)
    0x08001e6e   0x08001e6e   0x00000002   PAD
    0x08001e70   0x08001e70   0x00000014   Code   RO         4254    i.AHRS_get_height   ahrs_middleware.o
    0x08001e84   0x08001e84   0x0000000e   Code   RO         4255    i.AHRS_get_latitude  ahrs_middleware.o
    0x08001e92   0x08001e92   0x00000002   PAD
    0x08001e94   0x08001e94   0x0000029c   Code   RO        15408    i.AHRS_init         AHRS.lib(ahrs.o)
    0x08002130   0x08002130   0x00000014   Code   RO         4256    i.AHRS_invSqrt      ahrs_middleware.o
    0x08002144   0x08002144   0x00000004   Code   RO         4257    i.AHRS_sinf         ahrs_middleware.o
    0x08002148   0x08002148   0x0000013a   Code   RO        15409    i.AHRS_update       AHRS.lib(ahrs.o)
    0x08002282   0x08002282   0x00000002   PAD
    0x08002284   0x08002284   0x00000010   Code   RO         2780    i.BMI088_ACCEL_NS_H  bmi088middleware.o
    0x08002294   0x08002294   0x00000010   Code   RO         2781    i.BMI088_ACCEL_NS_L  bmi088middleware.o
    0x080022a4   0x080022a4   0x00000002   Code   RO         2782    i.BMI088_GPIO_init  bmi088middleware.o
    0x080022a6   0x080022a6   0x00000002   PAD
    0x080022a8   0x080022a8   0x00000010   Code   RO         2783    i.BMI088_GYRO_NS_H  bmi088middleware.o
    0x080022b8   0x080022b8   0x00000010   Code   RO         2784    i.BMI088_GYRO_NS_L  bmi088middleware.o
    0x080022c8   0x080022c8   0x00000080   Code   RO         2644    i.BMI088_accel_read_over  bmi088driver.o
    0x08002348   0x08002348   0x00000002   Code   RO         2785    i.BMI088_com_init   bmi088middleware.o
    0x0800234a   0x0800234a   0x00000004   Code   RO         2786    i.BMI088_delay_ms   bmi088middleware.o
    0x0800234e   0x0800234e   0x00000004   Code   RO         2787    i.BMI088_delay_us   bmi088middleware.o
    0x08002352   0x08002352   0x00000002   PAD
    0x08002354   0x08002354   0x00000060   Code   RO         2645    i.BMI088_gyro_read_over  bmi088driver.o
    0x080023b4   0x080023b4   0x0000002e   Code   RO         2646    i.BMI088_init       bmi088driver.o
    0x080023e2   0x080023e2   0x00000002   PAD
    0x080023e4   0x080023e4   0x00000158   Code   RO         2647    i.BMI088_read       bmi088driver.o
    0x0800253c   0x0800253c   0x00000024   Code   RO         2650    i.BMI088_read_muli_reg  bmi088driver.o
    0x08002560   0x08002560   0x00000016   Code   RO         2651    i.BMI088_read_single_reg  bmi088driver.o
    0x08002576   0x08002576   0x00000002   PAD
    0x08002578   0x08002578   0x00000020   Code   RO         2788    i.BMI088_read_write_byte  bmi088middleware.o
    0x08002598   0x08002598   0x0000002e   Code   RO         2652    i.BMI088_temperature_read_over  bmi088driver.o
    0x080025c6   0x080025c6   0x00000012   Code   RO         2653    i.BMI088_write_single_reg  bmi088driver.o
    0x080025d8   0x080025d8   0x00000002   Code   RO         4033    i.BusFault_Handler  stm32f4xx_it.o
    0x080025da   0x080025da   0x00000002   PAD
    0x080025dc   0x080025dc   0x0000000c   Code   RO         4034    i.CAN1_RX0_IRQHandler  stm32f4xx_it.o
    0x080025e8   0x080025e8   0x0000000c   Code   RO         4035    i.CAN2_RX0_IRQHandler  stm32f4xx_it.o
    0x080025f4   0x080025f4   0x00000050   Code   RO          279    i.CAN_Chassis_CMD   bsp_can.o
    0x08002644   0x08002644   0x00000034   Code   RO          280    i.CAN_PITCH_CMD     bsp_can.o
    0x08002678   0x08002678   0x00000048   Code   RO          281    i.CAN_Shoot_CMD     bsp_can.o
    0x080026c0   0x080026c0   0x00000034   Code   RO          282    i.CAN_YAW_CMD       bsp_can.o
    0x080026f4   0x080026f4   0x00000004   Code   RO         3940    i.CDC_Control_FS    usbd_cdc_if.o
    0x080026f8   0x080026f8   0x00000004   Code   RO         3941    i.CDC_DeInit_FS     usbd_cdc_if.o
    0x080026fc   0x080026fc   0x00000024   Code   RO         3942    i.CDC_Init_FS       usbd_cdc_if.o
    0x08002720   0x08002720   0x00000034   Code   RO         3943    i.CDC_Receive_FS    usbd_cdc_if.o
    0x08002754   0x08002754   0x00000004   Code   RO         3944    i.CDC_TransmitCplt_FS  usbd_cdc_if.o
    0x08002758   0x08002758   0x0000002c   Code   RO         3945    i.CDC_Transmit_FS   usbd_cdc_if.o
    0x08002784   0x08002784   0x000001d0   Code   RO          943    i.Chassis_Motor_Control  chassis_task.o
    0x08002954   0x08002954   0x0000004c   Code   RO          944    i.Chassis_Motor_Data_Update  chassis_task.o
    0x080029a0   0x080029a0   0x0000007c   Code   RO          945    i.Chassis_Motor_Init  chassis_task.o
    0x08002a1c   0x08002a1c   0x00000060   Code   RO          946    i.Chassis_PID_Calculator  chassis_task.o
    0x08002a7c   0x08002a7c   0x0000004c   Code   RO          947    i.Chassis_RC_Mode_Set  chassis_task.o
    0x08002ac8   0x08002ac8   0x00000044   Code   RO          948    i.Chassis_Task      chassis_task.o
    0x08002b0c   0x08002b0c   0x0000023c   Code   RO          949    i.Chassis_Vector_to_Mecanum_Wheel_Speed  chassis_task.o
    0x08002d48   0x08002d48   0x0000000c   Code   RO         4036    i.DMA1_Stream1_IRQHandler  stm32f4xx_it.o
    0x08002d54   0x08002d54   0x0000000c   Code   RO         4037    i.DMA2_Stream1_IRQHandler  stm32f4xx_it.o
    0x08002d60   0x08002d60   0x000002c4   Code   RO          633    i.DMA2_Stream2_IRQHandler  ins_task.o
    0x08003024   0x08003024   0x0000000c   Code   RO         4039    i.DMA2_Stream3_IRQHandler  stm32f4xx_it.o
    0x08003030   0x08003030   0x0000000c   Code   RO         4040    i.DMA2_Stream6_IRQHandler  stm32f4xx_it.o
    0x0800303c   0x0800303c   0x00000028   Code   RO         5472    i.DMA_CalcBaseAndBitshift  stm32f4xx_hal_dma.o
    0x08003064   0x08003064   0x00000054   Code   RO         5473    i.DMA_CheckFifoParam  stm32f4xx_hal_dma.o
    0x080030b8   0x080030b8   0x00000002   Code   RO         4041    i.DebugMon_Handler  stm32f4xx_it.o
    0x080030ba   0x080030ba   0x00000006   Code   RO         4042    i.EXTI0_IRQHandler  stm32f4xx_it.o
    0x080030c0   0x080030c0   0x00000006   Code   RO         4043    i.EXTI3_IRQHandler  stm32f4xx_it.o
    0x080030c6   0x080030c6   0x00000006   Code   RO         4044    i.EXTI4_IRQHandler  stm32f4xx_it.o
    0x080030cc   0x080030cc   0x00000006   Code   RO         4045    i.EXTI9_5_IRQHandler  stm32f4xx_it.o
    0x080030d2   0x080030d2   0x00000004   Code   RO         2967    i.Error_Handler     main.o
    0x080030d6   0x080030d6   0x00000002   PAD
    0x080030d8   0x080030d8   0x00000088   Code   RO         1549    i.Fric_Motor_Control  shoot_task.o
    0x08003160   0x08003160   0x0000004c   Code   RO         1232    i.Gimbal_Mode_Change_Control_Transit  gimbal_task.o
    0x080031ac   0x080031ac   0x000001f8   Code   RO         1233    i.Gimbal_Motor_Data_Update  gimbal_task.o
    0x080033a4   0x080033a4   0x0000016c   Code   RO         1234    i.Gimbal_Motor_Init  gimbal_task.o
    0x08003510   0x08003510   0x00000020   Code   RO         1235    i.Gimbal_Motor_Mode_Set  gimbal_task.o
    0x08003530   0x08003530   0x00000110   Code   RO         1236    i.Gimbal_Pos_Init   gimbal_task.o
    0x08003640   0x08003640   0x00000034   Code   RO         1237    i.Gimbal_RC_Mode_Set  gimbal_task.o
    0x08003674   0x08003674   0x00000048   Code   RO         1238    i.Gimbal_Task       gimbal_task.o
    0x080036bc   0x080036bc   0x00000024   Code   RO         6146    i.HAL_CAN_ActivateNotification  stm32f4xx_hal_can.o
    0x080036e0   0x080036e0   0x000000c8   Code   RO         6147    i.HAL_CAN_AddTxMessage  stm32f4xx_hal_can.o
    0x080037a8   0x080037a8   0x0000010c   Code   RO         6148    i.HAL_CAN_ConfigFilter  stm32f4xx_hal_can.o
    0x080038b4   0x080038b4   0x00000002   Code   RO         6151    i.HAL_CAN_ErrorCallback  stm32f4xx_hal_can.o
    0x080038b6   0x080038b6   0x000000e8   Code   RO         6154    i.HAL_CAN_GetRxMessage  stm32f4xx_hal_can.o
    0x0800399e   0x0800399e   0x000001fc   Code   RO         6158    i.HAL_CAN_IRQHandler  stm32f4xx_hal_can.o
    0x08003b9a   0x08003b9a   0x0000011a   Code   RO         6159    i.HAL_CAN_Init      stm32f4xx_hal_can.o
    0x08003cb4   0x08003cb4   0x000000fc   Code   RO         3337    i.HAL_CAN_MspInit   can.o
    0x08003db0   0x08003db0   0x00000002   Code   RO         6166    i.HAL_CAN_RxFifo0FullCallback  stm32f4xx_hal_can.o
    0x08003db2   0x08003db2   0x00000002   PAD
    0x08003db4   0x08003db4   0x00000128   Code   RO          283    i.HAL_CAN_RxFifo0MsgPendingCallback  bsp_can.o
    0x08003edc   0x08003edc   0x00000002   Code   RO         6168    i.HAL_CAN_RxFifo1FullCallback  stm32f4xx_hal_can.o
    0x08003ede   0x08003ede   0x00000002   Code   RO         6169    i.HAL_CAN_RxFifo1MsgPendingCallback  stm32f4xx_hal_can.o
    0x08003ee0   0x08003ee0   0x00000002   Code   RO         6170    i.HAL_CAN_SleepCallback  stm32f4xx_hal_can.o
    0x08003ee2   0x08003ee2   0x00000002   PAD
    0x08003ee4   0x08003ee4   0x00000058   Code   RO         6171    i.HAL_CAN_Start     stm32f4xx_hal_can.o
    0x08003f3c   0x08003f3c   0x00000002   Code   RO         6173    i.HAL_CAN_TxMailbox0AbortCallback  stm32f4xx_hal_can.o
    0x08003f3e   0x08003f3e   0x00000002   Code   RO         6174    i.HAL_CAN_TxMailbox0CompleteCallback  stm32f4xx_hal_can.o
    0x08003f40   0x08003f40   0x00000002   Code   RO         6175    i.HAL_CAN_TxMailbox1AbortCallback  stm32f4xx_hal_can.o
    0x08003f42   0x08003f42   0x00000002   Code   RO         6176    i.HAL_CAN_TxMailbox1CompleteCallback  stm32f4xx_hal_can.o
    0x08003f44   0x08003f44   0x00000002   Code   RO         6177    i.HAL_CAN_TxMailbox2AbortCallback  stm32f4xx_hal_can.o
    0x08003f46   0x08003f46   0x00000002   Code   RO         6178    i.HAL_CAN_TxMailbox2CompleteCallback  stm32f4xx_hal_can.o
    0x08003f48   0x08003f48   0x00000002   Code   RO         6180    i.HAL_CAN_WakeUpFromRxMsgCallback  stm32f4xx_hal_can.o
    0x08003f4a   0x08003f4a   0x00000002   PAD
    0x08003f4c   0x08003f4c   0x000001a0   Code   RO         5480    i.HAL_DMA_IRQHandler  stm32f4xx_hal_dma.o
    0x080040ec   0x080040ec   0x000000d4   Code   RO         5481    i.HAL_DMA_Init      stm32f4xx_hal_dma.o
    0x080041c0   0x080041c0   0x00000024   Code   RO         5894    i.HAL_Delay         stm32f4xx_hal.o
    0x080041e4   0x080041e4   0x0000008c   Code   RO          634    i.HAL_GPIO_EXTI_Callback  ins_task.o
    0x08004270   0x08004270   0x00000018   Code   RO         5367    i.HAL_GPIO_EXTI_IRQHandler  stm32f4xx_hal_gpio.o
    0x08004288   0x08004288   0x000001f0   Code   RO         5368    i.HAL_GPIO_Init     stm32f4xx_hal_gpio.o
    0x08004478   0x08004478   0x00000010   Code   RO         5371    i.HAL_GPIO_TogglePin  stm32f4xx_hal_gpio.o
    0x08004488   0x08004488   0x0000000a   Code   RO         5372    i.HAL_GPIO_WritePin  stm32f4xx_hal_gpio.o
    0x08004492   0x08004492   0x00000002   PAD
    0x08004494   0x08004494   0x0000000c   Code   RO         5900    i.HAL_GetTick       stm32f4xx_hal.o
    0x080044a0   0x080044a0   0x00000188   Code   RO         6390    i.HAL_I2C_Init      stm32f4xx_hal_i2c.o
    0x08004628   0x08004628   0x000001f8   Code   RO         6408    i.HAL_I2C_Mem_Read  stm32f4xx_hal_i2c.o
    0x08004820   0x08004820   0x00000130   Code   RO         6411    i.HAL_I2C_Mem_Write  stm32f4xx_hal_i2c.o
    0x08004950   0x08004950   0x00000088   Code   RO         3413    i.HAL_I2C_MspInit   i2c.o
    0x080049d8   0x080049d8   0x00000010   Code   RO         5906    i.HAL_IncTick       stm32f4xx_hal.o
    0x080049e8   0x080049e8   0x00000034   Code   RO         5907    i.HAL_Init          stm32f4xx_hal.o
    0x08004a1c   0x08004a1c   0x00000074   Code   RO         4211    i.HAL_InitTick      stm32f4xx_hal_timebase_tim.o
    0x08004a90   0x08004a90   0x00000038   Code   RO         4187    i.HAL_MspInit       stm32f4xx_hal_msp.o
    0x08004ac8   0x08004ac8   0x0000001a   Code   RO         5757    i.HAL_NVIC_EnableIRQ  stm32f4xx_hal_cortex.o
    0x08004ae2   0x08004ae2   0x00000002   PAD
    0x08004ae4   0x08004ae4   0x00000040   Code   RO         5763    i.HAL_NVIC_SetPriority  stm32f4xx_hal_cortex.o
    0x08004b24   0x08004b24   0x00000024   Code   RO         5764    i.HAL_NVIC_SetPriorityGrouping  stm32f4xx_hal_cortex.o
    0x08004b48   0x08004b48   0x00000002   Code   RO         4675    i.HAL_PCDEx_LPM_Callback  stm32f4xx_hal_pcd_ex.o
    0x08004b4a   0x08004b4a   0x00000008   Code   RO         4676    i.HAL_PCDEx_SetRxFiFo  stm32f4xx_hal_pcd_ex.o
    0x08004b52   0x08004b52   0x00000044   Code   RO         4677    i.HAL_PCDEx_SetTxFiFo  stm32f4xx_hal_pcd_ex.o
    0x08004b96   0x08004b96   0x00000008   Code   RO         3660    i.HAL_PCD_ConnectCallback  usbd_conf.o
    0x08004b9e   0x08004b9e   0x00000012   Code   RO         3661    i.HAL_PCD_DataInStageCallback  usbd_conf.o
    0x08004bb0   0x08004bb0   0x00000014   Code   RO         3662    i.HAL_PCD_DataOutStageCallback  usbd_conf.o
    0x08004bc4   0x08004bc4   0x00000008   Code   RO         3663    i.HAL_PCD_DisconnectCallback  usbd_conf.o
    0x08004bcc   0x08004bcc   0x0000004c   Code   RO         4457    i.HAL_PCD_EP_Close  stm32f4xx_hal_pcd.o
    0x08004c18   0x08004c18   0x0000005c   Code   RO         4458    i.HAL_PCD_EP_ClrStall  stm32f4xx_hal_pcd.o
    0x08004c74   0x08004c74   0x00000012   Code   RO         4460    i.HAL_PCD_EP_GetRxCount  stm32f4xx_hal_pcd.o
    0x08004c86   0x08004c86   0x00000060   Code   RO         4461    i.HAL_PCD_EP_Open   stm32f4xx_hal_pcd.o
    0x08004ce6   0x08004ce6   0x00000048   Code   RO         4462    i.HAL_PCD_EP_Receive  stm32f4xx_hal_pcd.o
    0x08004d2e   0x08004d2e   0x00000074   Code   RO         4463    i.HAL_PCD_EP_SetStall  stm32f4xx_hal_pcd.o
    0x08004da2   0x08004da2   0x00000040   Code   RO         4464    i.HAL_PCD_EP_Transmit  stm32f4xx_hal_pcd.o
    0x08004de2   0x08004de2   0x00000002   PAD
    0x08004de4   0x08004de4   0x00000434   Code   RO         4466    i.HAL_PCD_IRQHandler  stm32f4xx_hal_pcd.o
    0x08005218   0x08005218   0x00000008   Code   RO         3664    i.HAL_PCD_ISOINIncompleteCallback  usbd_conf.o
    0x08005220   0x08005220   0x00000008   Code   RO         3665    i.HAL_PCD_ISOOUTIncompleteCallback  usbd_conf.o
    0x08005228   0x08005228   0x000000e2   Code   RO         4469    i.HAL_PCD_Init      stm32f4xx_hal_pcd.o
    0x0800530a   0x0800530a   0x00000002   PAD
    0x0800530c   0x0800530c   0x00000084   Code   RO         3667    i.HAL_PCD_MspInit   usbd_conf.o
    0x08005390   0x08005390   0x0000002c   Code   RO         3668    i.HAL_PCD_ResetCallback  usbd_conf.o
    0x080053bc   0x080053bc   0x00000008   Code   RO         3669    i.HAL_PCD_ResumeCallback  usbd_conf.o
    0x080053c4   0x080053c4   0x00000008   Code   RO         3670    i.HAL_PCD_SOFCallback  usbd_conf.o
    0x080053cc   0x080053cc   0x00000028   Code   RO         4475    i.HAL_PCD_SetAddress  stm32f4xx_hal_pcd.o
    0x080053f4   0x080053f4   0x0000000e   Code   RO         3671    i.HAL_PCD_SetupStageCallback  usbd_conf.o
    0x08005402   0x08005402   0x00000042   Code   RO         4477    i.HAL_PCD_Start     stm32f4xx_hal_pcd.o
    0x08005444   0x08005444   0x00000030   Code   RO         3672    i.HAL_PCD_SuspendCallback  usbd_conf.o
    0x08005474   0x08005474   0x00000134   Code   RO         5014    i.HAL_RCC_ClockConfig  stm32f4xx_hal_rcc.o
    0x080055a8   0x080055a8   0x00000040   Code   RO         5018    i.HAL_RCC_GetClockConfig  stm32f4xx_hal_rcc.o
    0x080055e8   0x080055e8   0x0000000c   Code   RO         5019    i.HAL_RCC_GetHCLKFreq  stm32f4xx_hal_rcc.o
    0x080055f4   0x080055f4   0x00000020   Code   RO         5021    i.HAL_RCC_GetPCLK1Freq  stm32f4xx_hal_rcc.o
    0x08005614   0x08005614   0x00000020   Code   RO         5022    i.HAL_RCC_GetPCLK2Freq  stm32f4xx_hal_rcc.o
    0x08005634   0x08005634   0x00000064   Code   RO         5023    i.HAL_RCC_GetSysClockFreq  stm32f4xx_hal_rcc.o
    0x08005698   0x08005698   0x0000036c   Code   RO         5026    i.HAL_RCC_OscConfig  stm32f4xx_hal_rcc.o
    0x08005a04   0x08005a04   0x000000bc   Code   RO         6840    i.HAL_SPI_Init      stm32f4xx_hal_spi.o
    0x08005ac0   0x08005ac0   0x000000fc   Code   RO         3455    i.HAL_SPI_MspInit   spi.o
    0x08005bbc   0x08005bbc   0x000001e2   Code   RO         6849    i.HAL_SPI_TransmitReceive  stm32f4xx_hal_spi.o
    0x08005d9e   0x08005d9e   0x00000002   Code   RO         7857    i.HAL_TIMEx_BreakCallback  stm32f4xx_hal_tim_ex.o
    0x08005da0   0x08005da0   0x00000002   Code   RO         7858    i.HAL_TIMEx_CommutCallback  stm32f4xx_hal_tim_ex.o
    0x08005da2   0x08005da2   0x00000002   PAD
    0x08005da4   0x08005da4   0x00000090   Code   RO         7876    i.HAL_TIMEx_MasterConfigSynchronization  stm32f4xx_hal_tim_ex.o
    0x08005e34   0x08005e34   0x0000005a   Code   RO         7153    i.HAL_TIM_Base_Init  stm32f4xx_hal_tim.o
    0x08005e8e   0x08005e8e   0x00000002   PAD
    0x08005e90   0x08005e90   0x0000012c   Code   RO         3497    i.HAL_TIM_Base_MspInit  tim.o
    0x08005fbc   0x08005fbc   0x00000078   Code   RO         7156    i.HAL_TIM_Base_Start  stm32f4xx_hal_tim.o
    0x08006034   0x08006034   0x00000080   Code   RO         7158    i.HAL_TIM_Base_Start_IT  stm32f4xx_hal_tim.o
    0x080060b4   0x080060b4   0x000000dc   Code   RO         7162    i.HAL_TIM_ConfigClockSource  stm32f4xx_hal_tim.o
    0x08006190   0x08006190   0x00000002   Code   RO         7187    i.HAL_TIM_IC_CaptureCallback  stm32f4xx_hal_tim.o
    0x08006192   0x08006192   0x00000166   Code   RO         7201    i.HAL_TIM_IRQHandler  stm32f4xx_hal_tim.o
    0x080062f8   0x080062f8   0x000000b0   Code   RO         3498    i.HAL_TIM_MspPostInit  tim.o
    0x080063a8   0x080063a8   0x00000002   Code   RO         7204    i.HAL_TIM_OC_DelayElapsedCallback  stm32f4xx_hal_tim.o
    0x080063aa   0x080063aa   0x000000cc   Code   RO         7225    i.HAL_TIM_PWM_ConfigChannel  stm32f4xx_hal_tim.o
    0x08006476   0x08006476   0x0000005a   Code   RO         7228    i.HAL_TIM_PWM_Init  stm32f4xx_hal_tim.o
    0x080064d0   0x080064d0   0x00000002   Code   RO         7230    i.HAL_TIM_PWM_MspInit  stm32f4xx_hal_tim.o
    0x080064d2   0x080064d2   0x00000002   Code   RO         7231    i.HAL_TIM_PWM_PulseFinishedCallback  stm32f4xx_hal_tim.o
    0x080064d4   0x080064d4   0x000000c8   Code   RO         7233    i.HAL_TIM_PWM_Start  stm32f4xx_hal_tim.o
    0x0800659c   0x0800659c   0x0000001c   Code   RO         2968    i.HAL_TIM_PeriodElapsedCallback  main.o
    0x080065b8   0x080065b8   0x00000056   Code   RO         7242    i.HAL_TIM_SlaveConfigSynchro  stm32f4xx_hal_tim.o
    0x0800660e   0x0800660e   0x00000002   Code   RO         7244    i.HAL_TIM_TriggerCallback  stm32f4xx_hal_tim.o
    0x08006610   0x08006610   0x00000062   Code   RO         8153    i.HAL_UART_Init     stm32f4xx_hal_uart.o
    0x08006672   0x08006672   0x00000002   PAD
    0x08006674   0x08006674   0x000001e8   Code   RO         3575    i.HAL_UART_MspInit  usart.o
    0x0800685c   0x0800685c   0x000000b2   Code   RO         8161    i.HAL_UART_Transmit  stm32f4xx_hal_uart.o
    0x0800690e   0x0800690e   0x00000002   Code   RO         4046    i.HardFault_Handler  stm32f4xx_it.o
    0x08006910   0x08006910   0x0000002e   Code   RO         6432    i.I2C_IsAcknowledgeFailed  stm32f4xx_hal_i2c.o
    0x0800693e   0x0800693e   0x00000002   PAD
    0x08006940   0x08006940   0x000000fc   Code   RO         6442    i.I2C_RequestMemoryRead  stm32f4xx_hal_i2c.o
    0x08006a3c   0x08006a3c   0x000000a8   Code   RO         6443    i.I2C_RequestMemoryWrite  stm32f4xx_hal_i2c.o
    0x08006ae4   0x08006ae4   0x0000004c   Code   RO         6447    i.I2C_WaitOnBTFFlagUntilTimeout  stm32f4xx_hal_i2c.o
    0x08006b30   0x08006b30   0x00000068   Code   RO         6448    i.I2C_WaitOnFlagUntilTimeout  stm32f4xx_hal_i2c.o
    0x08006b98   0x08006b98   0x00000096   Code   RO         6449    i.I2C_WaitOnMasterAddressFlagUntilTimeout  stm32f4xx_hal_i2c.o
    0x08006c2e   0x08006c2e   0x00000066   Code   RO         6450    i.I2C_WaitOnRXNEFlagUntilTimeout  stm32f4xx_hal_i2c.o
    0x08006c94   0x08006c94   0x0000004c   Code   RO         6451    i.I2C_WaitOnTXEFlagUntilTimeout  stm32f4xx_hal_i2c.o
    0x08006ce0   0x08006ce0   0x00000280   Code   RO          635    i.INS_Task          ins_task.o
    0x08006f60   0x08006f60   0x00000038   Code   RO         3867    i.IntToUnicode      usbd_desc.o
    0x08006f98   0x08006f98   0x00000030   Code   RO          860    i.LED_Task          led_task.o
    0x08006fc8   0x08006fc8   0x00000044   Code   RO         3338    i.MX_CAN1_Init      can.o
    0x0800700c   0x0800700c   0x00000044   Code   RO         3339    i.MX_CAN2_Init      can.o
    0x08007050   0x08007050   0x0000007c   Code   RO         3385    i.MX_DMA_Init       dma.o
    0x080070cc   0x080070cc   0x000000c0   Code   RO         3095    i.MX_FREERTOS_Init  freertos.o
    0x0800718c   0x0800718c   0x000001a8   Code   RO         3064    i.MX_GPIO_Init      gpio.o
    0x08007334   0x08007334   0x00000040   Code   RO         3414    i.MX_I2C3_Init      i2c.o
    0x08007374   0x08007374   0x00000048   Code   RO         3456    i.MX_SPI1_Init      spi.o
    0x080073bc   0x080073bc   0x00000064   Code   RO         3499    i.MX_TIM10_Init     tim.o
    0x08007420   0x08007420   0x00000094   Code   RO         3500    i.MX_TIM12_Init     tim.o
    0x080074b4   0x080074b4   0x00000034   Code   RO         3501    i.MX_TIM14_Init     tim.o
    0x080074e8   0x080074e8   0x0000006c   Code   RO         3502    i.MX_TIM1_Init      tim.o
    0x08007554   0x08007554   0x00000098   Code   RO         3503    i.MX_TIM3_Init      tim.o
    0x080075ec   0x080075ec   0x0000006c   Code   RO         3504    i.MX_TIM8_Init      tim.o
    0x08007658   0x08007658   0x00000038   Code   RO         3576    i.MX_USART1_UART_Init  usart.o
    0x08007690   0x08007690   0x0000003c   Code   RO         3577    i.MX_USART3_UART_Init  usart.o
    0x080076cc   0x080076cc   0x00000038   Code   RO         3578    i.MX_USART6_UART_Init  usart.o
    0x08007704   0x08007704   0x00000054   Code   RO         3629    i.MX_USB_DEVICE_Init  usb_device.o
    0x08007758   0x08007758   0x00000002   Code   RO         4047    i.MemManage_Handler  stm32f4xx_it.o
    0x0800775a   0x0800775a   0x00000002   Code   RO         4048    i.NMI_Handler       stm32f4xx_it.o
    0x0800775c   0x0800775c   0x0000000c   Code   RO         4049    i.OTG_FS_IRQHandler  stm32f4xx_it.o
    0x08007768   0x08007768   0x000000cc   Code   RO         4481    i.PCD_EP_OutXfrComplete_int  stm32f4xx_hal_pcd.o
    0x08007834   0x08007834   0x000000a2   Code   RO         4482    i.PCD_WriteEmptyTxFifo  stm32f4xx_hal_pcd.o
    0x080078d6   0x080078d6   0x00000002   PAD
    0x080078d8   0x080078d8   0x00000128   Code   RO         2008    i.PID_calc          pid.o
    0x08007a00   0x08007a00   0x0000005c   Code   RO         2010    i.PID_init          pid.o
    0x08007a5c   0x08007a5c   0x000000cc   Code   RO         1239    i.Pitch_Motor_Control  gimbal_task.o
    0x08007b28   0x08007b28   0x00000060   Code   RO          237    i.RC_Init           bsp_rc.o
    0x08007b88   0x08007b88   0x00000034   Code   RO         1932    i.Referee_Task      referee_task.o
    0x08007bbc   0x08007bbc   0x00001274   Code   RO          203    i.SPI1_DMA_enable   bsp_spi.o
    0x08008e30   0x08008e30   0x000000f0   Code   RO          204    i.SPI1_DMA_init     bsp_spi.o
    0x08008f20   0x08008f20   0x00000058   Code   RO         6878    i.SPI_EndRxTxTransaction  stm32f4xx_hal_spi.o
    0x08008f78   0x08008f78   0x000000b8   Code   RO         6883    i.SPI_WaitFlagStateUntilTimeout  stm32f4xx_hal_spi.o
    0x08009030   0x08009030   0x00000138   Code   RO         1550    i.Shoot_Motor_Data_Update  shoot_task.o
    0x08009168   0x08009168   0x000000d4   Code   RO         1551    i.Shoot_Motor_Init  shoot_task.o
    0x0800923c   0x0800923c   0x000000c0   Code   RO         1552    i.Shoot_Motor_Mode_Set  shoot_task.o
    0x080092fc   0x080092fc   0x00000060   Code   RO         1553    i.Shoot_Task        shoot_task.o
    0x0800935c   0x0800935c   0x0000002c   Code   RO         9990    i.SysTick_Handler   port.o
    0x08009388   0x08009388   0x00000094   Code   RO         2969    i.SystemClock_Config  main.o
    0x0800941c   0x0800941c   0x00000010   Code   RO         8482    i.SystemInit        system_stm32f4xx.o
    0x0800942c   0x0800942c   0x0000000c   Code   RO         4050    i.TIM2_IRQHandler   stm32f4xx_it.o
    0x08009438   0x08009438   0x0000001c   Code   RO         4051    i.TIM8_TRG_COM_TIM14_IRQHandler  stm32f4xx_it.o
    0x08009454   0x08009454   0x000000c8   Code   RO         7246    i.TIM_Base_SetConfig  stm32f4xx_hal_tim.o
    0x0800951c   0x0800951c   0x0000001a   Code   RO         7247    i.TIM_CCxChannelCmd  stm32f4xx_hal_tim.o
    0x08009536   0x08009536   0x00000014   Code   RO         7257    i.TIM_ETR_SetConfig  stm32f4xx_hal_tim.o
    0x0800954a   0x0800954a   0x00000010   Code   RO         7258    i.TIM_ITRx_SetConfig  stm32f4xx_hal_tim.o
    0x0800955a   0x0800955a   0x00000002   PAD
    0x0800955c   0x0800955c   0x00000060   Code   RO         7259    i.TIM_OC1_SetConfig  stm32f4xx_hal_tim.o
    0x080095bc   0x080095bc   0x0000006c   Code   RO         7260    i.TIM_OC2_SetConfig  stm32f4xx_hal_tim.o
    0x08009628   0x08009628   0x00000068   Code   RO         7261    i.TIM_OC3_SetConfig  stm32f4xx_hal_tim.o
    0x08009690   0x08009690   0x00000050   Code   RO         7262    i.TIM_OC4_SetConfig  stm32f4xx_hal_tim.o
    0x080096e0   0x080096e0   0x0000008c   Code   RO         7263    i.TIM_SlaveTimer_SetConfig  stm32f4xx_hal_tim.o
    0x0800976c   0x0800976c   0x00000022   Code   RO         7264    i.TIM_TI1_ConfigInputStage  stm32f4xx_hal_tim.o
    0x0800978e   0x0800978e   0x00000024   Code   RO         7266    i.TIM_TI2_ConfigInputStage  stm32f4xx_hal_tim.o
    0x080097b2   0x080097b2   0x00000002   PAD
    0x080097b4   0x080097b4   0x000000b8   Code   RO         1554    i.Trigger_Motor_Control  shoot_task.o
    0x0800986c   0x0800986c   0x0000010c   Code   RO         8179    i.UART_SetConfig    stm32f4xx_hal_uart.o
    0x08009978   0x08009978   0x00000078   Code   RO         8182    i.UART_WaitOnFlagUntilTimeout  stm32f4xx_hal_uart.o
    0x080099f0   0x080099f0   0x000000bc   Code   RO         2127    i.USART3_IRQHandler  remote_control.o
    0x08009aac   0x08009aac   0x00000098   Code   RO         1933    i.USART6_IRQHandler  referee_task.o
    0x08009b44   0x08009b44   0x00000068   Code   RO        10365    i.USBD_CDC_DataIn   usbd_cdc.o
    0x08009bac   0x08009bac   0x0000002e   Code   RO        10366    i.USBD_CDC_DataOut  usbd_cdc.o
    0x08009bda   0x08009bda   0x0000004a   Code   RO        10367    i.USBD_CDC_DeInit   usbd_cdc.o
    0x08009c24   0x08009c24   0x00000030   Code   RO        10368    i.USBD_CDC_EP0_RxReady  usbd_cdc.o
    0x08009c54   0x08009c54   0x0000000c   Code   RO        10369    i.USBD_CDC_GetDeviceQualifierDescriptor  usbd_cdc.o
    0x08009c60   0x08009c60   0x0000000c   Code   RO        10370    i.USBD_CDC_GetFSCfgDesc  usbd_cdc.o
    0x08009c6c   0x08009c6c   0x0000000c   Code   RO        10371    i.USBD_CDC_GetHSCfgDesc  usbd_cdc.o
    0x08009c78   0x08009c78   0x0000000c   Code   RO        10372    i.USBD_CDC_GetOtherSpeedCfgDesc  usbd_cdc.o
    0x08009c84   0x08009c84   0x000000c4   Code   RO        10373    i.USBD_CDC_Init     usbd_cdc.o
    0x08009d48   0x08009d48   0x00000032   Code   RO        10374    i.USBD_CDC_ReceivePacket  usbd_cdc.o
    0x08009d7a   0x08009d7a   0x00000010   Code   RO        10375    i.USBD_CDC_RegisterInterface  usbd_cdc.o
    0x08009d8a   0x08009d8a   0x00000014   Code   RO        10376    i.USBD_CDC_SetRxBuffer  usbd_cdc.o
    0x08009d9e   0x08009d9e   0x00000018   Code   RO        10377    i.USBD_CDC_SetTxBuffer  usbd_cdc.o
    0x08009db6   0x08009db6   0x000000fa   Code   RO        10378    i.USBD_CDC_Setup    usbd_cdc.o
    0x08009eb0   0x08009eb0   0x00000038   Code   RO        10379    i.USBD_CDC_TransmitPacket  usbd_cdc.o
    0x08009ee8   0x08009ee8   0x00000012   Code   RO        10069    i.USBD_ClrClassConfig  usbd_core.o
    0x08009efa   0x08009efa   0x00000026   Code   RO        10207    i.USBD_ClrFeature   usbd_ctlreq.o
    0x08009f20   0x08009f20   0x00000010   Code   RO        10305    i.USBD_CtlContinueRx  usbd_ioreq.o
    0x08009f30   0x08009f30   0x00000010   Code   RO        10306    i.USBD_CtlContinueSendData  usbd_ioreq.o
    0x08009f40   0x08009f40   0x00000018   Code   RO        10208    i.USBD_CtlError     usbd_ctlreq.o
    0x08009f58   0x08009f58   0x0000001e   Code   RO        10307    i.USBD_CtlPrepareRx  usbd_ioreq.o
    0x08009f76   0x08009f76   0x00000016   Code   RO        10308    i.USBD_CtlReceiveStatus  usbd_ioreq.o
    0x08009f8c   0x08009f8c   0x0000001a   Code   RO        10309    i.USBD_CtlSendData  usbd_ioreq.o
    0x08009fa6   0x08009fa6   0x00000016   Code   RO        10310    i.USBD_CtlSendStatus  usbd_ioreq.o
    0x08009fbc   0x08009fbc   0x00000020   Code   RO         3868    i.USBD_FS_ConfigStrDescriptor  usbd_desc.o
    0x08009fdc   0x08009fdc   0x0000000c   Code   RO         3869    i.USBD_FS_DeviceDescriptor  usbd_desc.o
    0x08009fe8   0x08009fe8   0x00000024   Code   RO         3870    i.USBD_FS_InterfaceStrDescriptor  usbd_desc.o
    0x0800a00c   0x0800a00c   0x0000000c   Code   RO         3871    i.USBD_FS_LangIDStrDescriptor  usbd_desc.o
    0x0800a018   0x0800a018   0x00000028   Code   RO         3872    i.USBD_FS_ManufacturerStrDescriptor  usbd_desc.o
    0x0800a040   0x0800a040   0x0000002c   Code   RO         3873    i.USBD_FS_ProductStrDescriptor  usbd_desc.o
    0x0800a06c   0x0800a06c   0x00000038   Code   RO         3874    i.USBD_FS_SerialStrDescriptor  usbd_desc.o
    0x0800a0a4   0x0800a0a4   0x00000034   Code   RO        10209    i.USBD_GetConfig    usbd_ctlreq.o
    0x0800a0d8   0x0800a0d8   0x000001b4   Code   RO        10210    i.USBD_GetDescriptor  usbd_ctlreq.o
    0x0800a28c   0x0800a28c   0x00000018   Code   RO        10211    i.USBD_GetLen       usbd_ctlreq.o
    0x0800a2a4   0x0800a2a4   0x00000036   Code   RO        10212    i.USBD_GetStatus    usbd_ctlreq.o
    0x0800a2da   0x0800a2da   0x00000044   Code   RO        10213    i.USBD_GetString    usbd_ctlreq.o
    0x0800a31e   0x0800a31e   0x00000018   Code   RO         3673    i.USBD_Get_USB_Status  usbd_conf.o
    0x0800a336   0x0800a336   0x00000028   Code   RO        10071    i.USBD_Init         usbd_core.o
    0x0800a35e   0x0800a35e   0x00000012   Code   RO         3674    i.USBD_LL_ClearStallEP  usbd_conf.o
    0x0800a370   0x0800a370   0x00000012   Code   RO         3675    i.USBD_LL_CloseEP   usbd_conf.o
    0x0800a382   0x0800a382   0x000000bc   Code   RO        10072    i.USBD_LL_DataInStage  usbd_core.o
    0x0800a43e   0x0800a43e   0x00000070   Code   RO        10073    i.USBD_LL_DataOutStage  usbd_core.o
    0x0800a4ae   0x0800a4ae   0x00000004   Code   RO        10074    i.USBD_LL_DevConnected  usbd_core.o
    0x0800a4b2   0x0800a4b2   0x0000001a   Code   RO        10075    i.USBD_LL_DevDisconnected  usbd_core.o
    0x0800a4cc   0x0800a4cc   0x00000008   Code   RO         3679    i.USBD_LL_GetRxDataSize  usbd_conf.o
    0x0800a4d4   0x0800a4d4   0x00000060   Code   RO         3680    i.USBD_LL_Init      usbd_conf.o
    0x0800a534   0x0800a534   0x00000020   Code   RO         3681    i.USBD_LL_IsStallEP  usbd_conf.o
    0x0800a554   0x0800a554   0x00000022   Code   RO        10076    i.USBD_LL_IsoINIncomplete  usbd_core.o
    0x0800a576   0x0800a576   0x00000022   Code   RO        10077    i.USBD_LL_IsoOUTIncomplete  usbd_core.o
    0x0800a598   0x0800a598   0x00000018   Code   RO         3682    i.USBD_LL_OpenEP    usbd_conf.o
    0x0800a5b0   0x0800a5b0   0x00000012   Code   RO         3683    i.USBD_LL_PrepareReceive  usbd_conf.o
    0x0800a5c2   0x0800a5c2   0x0000005c   Code   RO        10078    i.USBD_LL_Reset     usbd_core.o
    0x0800a61e   0x0800a61e   0x00000014   Code   RO        10079    i.USBD_LL_Resume    usbd_core.o
    0x0800a632   0x0800a632   0x00000022   Code   RO        10080    i.USBD_LL_SOF       usbd_core.o
    0x0800a654   0x0800a654   0x00000006   Code   RO        10081    i.USBD_LL_SetSpeed  usbd_core.o
    0x0800a65a   0x0800a65a   0x00000012   Code   RO         3684    i.USBD_LL_SetUSBAddress  usbd_conf.o
    0x0800a66c   0x0800a66c   0x00000064   Code   RO        10082    i.USBD_LL_SetupStage  usbd_core.o
    0x0800a6d0   0x0800a6d0   0x00000012   Code   RO         3685    i.USBD_LL_StallEP   usbd_conf.o
    0x0800a6e2   0x0800a6e2   0x00000012   Code   RO         3686    i.USBD_LL_Start     usbd_conf.o
    0x0800a6f4   0x0800a6f4   0x00000012   Code   RO        10083    i.USBD_LL_Suspend   usbd_core.o
    0x0800a706   0x0800a706   0x00000012   Code   RO         3688    i.USBD_LL_Transmit  usbd_conf.o
    0x0800a718   0x0800a718   0x00000032   Code   RO        10214    i.USBD_ParseSetupRequest  usbd_ctlreq.o
    0x0800a74a   0x0800a74a   0x00000024   Code   RO        10084    i.USBD_RegisterClass  usbd_core.o
    0x0800a76e   0x0800a76e   0x00000004   Code   RO        10085    i.USBD_RunTestMode  usbd_core.o
    0x0800a772   0x0800a772   0x00000058   Code   RO        10215    i.USBD_SetAddress   usbd_ctlreq.o
    0x0800a7ca   0x0800a7ca   0x00000014   Code   RO        10086    i.USBD_SetClassConfig  usbd_core.o
    0x0800a7de   0x0800a7de   0x00000002   PAD
    0x0800a7e0   0x0800a7e0   0x000000d8   Code   RO        10216    i.USBD_SetConfig    usbd_ctlreq.o
    0x0800a8b8   0x0800a8b8   0x00000010   Code   RO        10217    i.USBD_SetFeature   usbd_ctlreq.o
    0x0800a8c8   0x0800a8c8   0x00000004   Code   RO        10087    i.USBD_Start        usbd_core.o
    0x0800a8cc   0x0800a8cc   0x00000084   Code   RO        10218    i.USBD_StdDevReq    usbd_ctlreq.o
    0x0800a950   0x0800a950   0x000001e8   Code   RO        10219    i.USBD_StdEPReq     usbd_ctlreq.o
    0x0800ab38   0x0800ab38   0x0000006e   Code   RO        10220    i.USBD_StdItfReq    usbd_ctlreq.o
    0x0800aba6   0x0800aba6   0x00000002   Code   RO         3689    i.USBD_static_free  usbd_conf.o
    0x0800aba8   0x0800aba8   0x00000008   Code   RO         3690    i.USBD_static_malloc  usbd_conf.o
    0x0800abb0   0x0800abb0   0x00000080   Code   RO         4717    i.USB_ActivateEndpoint  stm32f4xx_ll_usb.o
    0x0800ac30   0x0800ac30   0x0000001c   Code   RO         4719    i.USB_ActivateSetup  stm32f4xx_ll_usb.o
    0x0800ac4c   0x0800ac4c   0x00000074   Code   RO         4721    i.USB_CoreInit      stm32f4xx_ll_usb.o
    0x0800acc0   0x0800acc0   0x00000040   Code   RO         4722    i.USB_CoreReset     stm32f4xx_ll_usb.o
    0x0800ad00   0x0800ad00   0x000000cc   Code   RO         4725    i.USB_DeactivateEndpoint  stm32f4xx_ll_usb.o
    0x0800adcc   0x0800adcc   0x0000001c   Code   RO         4726    i.USB_DevConnect    stm32f4xx_ll_usb.o
    0x0800ade8   0x0800ade8   0x0000001c   Code   RO         4727    i.USB_DevDisconnect  stm32f4xx_ll_usb.o
    0x0800ae04   0x0800ae04   0x00000174   Code   RO         4728    i.USB_DevInit       stm32f4xx_ll_usb.o
    0x0800af78   0x0800af78   0x0000000c   Code   RO         4729    i.USB_DisableGlobalInt  stm32f4xx_ll_usb.o
    0x0800af84   0x0800af84   0x00000118   Code   RO         4732    i.USB_EP0StartXfer  stm32f4xx_ll_usb.o
    0x0800b09c   0x0800b09c   0x00000058   Code   RO         4733    i.USB_EP0_OutStart  stm32f4xx_ll_usb.o
    0x0800b0f4   0x0800b0f4   0x00000058   Code   RO         4734    i.USB_EPClearStall  stm32f4xx_ll_usb.o
    0x0800b14c   0x0800b14c   0x00000058   Code   RO         4735    i.USB_EPSetStall    stm32f4xx_ll_usb.o
    0x0800b1a4   0x0800b1a4   0x000001e8   Code   RO         4736    i.USB_EPStartXfer   stm32f4xx_ll_usb.o
    0x0800b38c   0x0800b38c   0x0000000c   Code   RO         4737    i.USB_EnableGlobalInt  stm32f4xx_ll_usb.o
    0x0800b398   0x0800b398   0x00000028   Code   RO         4738    i.USB_FlushRxFifo   stm32f4xx_ll_usb.o
    0x0800b3c0   0x0800b3c0   0x0000002c   Code   RO         4739    i.USB_FlushTxFifo   stm32f4xx_ll_usb.o
    0x0800b3ec   0x0800b3ec   0x0000001a   Code   RO         4741    i.USB_GetDevSpeed   stm32f4xx_ll_usb.o
    0x0800b406   0x0800b406   0x00000008   Code   RO         4743    i.USB_GetMode       stm32f4xx_ll_usb.o
    0x0800b40e   0x0800b40e   0x0000000e   Code   RO         4750    i.USB_ReadDevAllInEpInterrupt  stm32f4xx_ll_usb.o
    0x0800b41c   0x0800b41c   0x0000000e   Code   RO         4751    i.USB_ReadDevAllOutEpInterrupt  stm32f4xx_ll_usb.o
    0x0800b42a   0x0800b42a   0x00000024   Code   RO         4752    i.USB_ReadDevInEPInterrupt  stm32f4xx_ll_usb.o
    0x0800b44e   0x0800b44e   0x00000010   Code   RO         4753    i.USB_ReadDevOutEPInterrupt  stm32f4xx_ll_usb.o
    0x0800b45e   0x0800b45e   0x00000008   Code   RO         4754    i.USB_ReadInterrupts  stm32f4xx_ll_usb.o
    0x0800b466   0x0800b466   0x0000003e   Code   RO         4755    i.USB_ReadPacket    stm32f4xx_ll_usb.o
    0x0800b4a4   0x0800b4a4   0x0000005c   Code   RO         4757    i.USB_SetCurrentMode  stm32f4xx_ll_usb.o
    0x0800b500   0x0800b500   0x00000022   Code   RO         4758    i.USB_SetDevAddress  stm32f4xx_ll_usb.o
    0x0800b522   0x0800b522   0x00000002   PAD
    0x0800b524   0x0800b524   0x000000e8   Code   RO         4760    i.USB_SetTurnaroundTime  stm32f4xx_ll_usb.o
    0x0800b60c   0x0800b60c   0x0000002c   Code   RO         1784    i.USB_Task          usb_task.o
    0x0800b638   0x0800b638   0x00000028   Code   RO         4763    i.USB_WritePacket   stm32f4xx_ll_usb.o
    0x0800b660   0x0800b660   0x00000002   Code   RO         4054    i.UsageFault_Handler  stm32f4xx_it.o
    0x0800b662   0x0800b662   0x00000008   Code   RO         1910    i.User_Task         user_task.o
    0x0800b66a   0x0800b66a   0x00000002   PAD
    0x0800b66c   0x0800b66c   0x000000f4   Code   RO         1240    i.Yaw_Motor_Control  gimbal_task.o
    0x0800b760   0x0800b760   0x00000030   Code   RO        16030    i.__ARM_fpclassify  m_wm.l(fpclassify.o)
    0x0800b790   0x0800b790   0x00000026   Code   RO        15915    i.__ARM_fpclassifyf  m_wm.l(fpclassifyf.o)
    0x0800b7b6   0x0800b7b6   0x00000020   Code   RO         5770    i.__NVIC_SetPriority  stm32f4xx_hal_cortex.o
    0x0800b7d6   0x0800b7d6   0x00000002   PAD
    0x0800b7d8   0x0800b7d8   0x0000012c   Code   RO        15660    i.__hardfp_asinf    m_wm.l(asinf.o)
    0x0800b904   0x0800b904   0x00000250   Code   RO        15672    i.__hardfp_atan2f   m_wm.l(atan2f.o)
    0x0800bb54   0x0800bb54   0x0000007a   Code   RO        15746    i.__hardfp_sqrt     m_wm.l(sqrt.o)
    0x0800bbce   0x0800bbce   0x0000003a   Code   RO        15758    i.__hardfp_sqrtf    m_wm.l(sqrtf.o)
    0x0800bc08   0x0800bc08   0x00000006   Code   RO        15918    i.__mathlib_flt_infnan  m_wm.l(funder.o)
    0x0800bc0e   0x0800bc0e   0x00000006   Code   RO        15919    i.__mathlib_flt_infnan2  m_wm.l(funder.o)
    0x0800bc14   0x0800bc14   0x00000010   Code   RO        15920    i.__mathlib_flt_invalid  m_wm.l(funder.o)
    0x0800bc24   0x0800bc24   0x00000010   Code   RO        15923    i.__mathlib_flt_underflow  m_wm.l(funder.o)
    0x0800bc34   0x0800bc34   0x0000000e   Code   RO        15582    i._is_digit         c_w.l(__printf_wp.o)
    0x0800bc42   0x0800bc42   0x00000002   PAD
    0x0800bc44   0x0800bc44   0x000001d0   Code   RO        15410    i.accel_comple_filter  AHRS.lib(ahrs.o)
    0x0800be14   0x0800be14   0x0000018c   Code   RO        15411    i.accel_update_kp_ki  AHRS.lib(ahrs.o)
    0x0800bfa0   0x0800bfa0   0x0000016c   Code   RO        15412    i.angle_to_quat     AHRS.lib(ahrs.o)
    0x0800c10c   0x0800c10c   0x00000084   Code   RO        11895    i.arm_cos_f32       fastmathfunctions.o
    0x0800c190   0x0800c190   0x00000080   Code   RO        11899    i.arm_sin_f32       fastmathfunctions.o
    0x0800c210   0x0800c210   0x00000128   Code   RO         2654    i.bmi088_accel_init  bmi088driver.o
    0x0800c338   0x0800c338   0x000002c0   Code   RO         2655    i.bmi088_accel_self_test  bmi088driver.o
    0x0800c5f8   0x0800c5f8   0x000000dc   Code   RO         2656    i.bmi088_gyro_init  bmi088driver.o
    0x0800c6d4   0x0800c6d4   0x000000ca   Code   RO         2657    i.bmi088_gyro_self_test  bmi088driver.o
    0x0800c79e   0x0800c79e   0x00000002   PAD
    0x0800c7a0   0x0800c7a0   0x00000058   Code   RO          284    i.can_filter_init   bsp_can.o
    0x0800c7f8   0x0800c7f8   0x00000028   Code   RO           13    i.delay_init        bsp_delay.o
    0x0800c820   0x0800c820   0x00000034   Code   RO           15    i.delay_us          bsp_delay.o
    0x0800c854   0x0800c854   0x00000050   Code   RO          813    i.detect_hook       detect_task.o
    0x0800c8a4   0x0800c8a4   0x0000007c   Code   RO          478    i.encoder_solve     bsp_tim.o
    0x0800c920   0x0800c920   0x00000010   Code   RO         1555    i.fabs_1            shoot_task.o
    0x0800c930   0x0800c930   0x00000010   Code   RO         1241    i.fabs_2            gimbal_task.o
    0x0800c940   0x0800c940   0x0000002c   Code   RO         2223    i.fifo_s_get        fifo.o
    0x0800c96c   0x0800c96c   0x00000016   Code   RO         2226    i.fifo_s_init       fifo.o
    0x0800c982   0x0800c982   0x0000007c   Code   RO         2232    i.fifo_s_puts       fifo.o
    0x0800c9fe   0x0800c9fe   0x00000004   Code   RO         2234    i.fifo_s_used       fifo.o
    0x0800ca02   0x0800ca02   0x00000002   PAD
    0x0800ca04   0x0800ca04   0x00000018   Code   RO         2970    i.fputc             main.o
    0x0800ca1c   0x0800ca1c   0x0000002c   Code   RO         2548    i.get_CRC16_check_sum  crc8_crc16.o
    0x0800ca48   0x0800ca48   0x0000001c   Code   RO         2549    i.get_CRC8_check_sum  crc8_crc16.o
    0x0800ca64   0x0800ca64   0x000000e8   Code   RO        15413    i.get_angle         AHRS.lib(ahrs.o)
    0x0800cb4c   0x0800cb4c   0x0000001c   Code   RO         2425    i.get_chassis_power_and_buffer  referee.o
    0x0800cb68   0x0800cb68   0x00000014   Code   RO         1242    i.get_point         gimbal_task.o
    0x0800cb7c   0x0800cb7c   0x0000000c   Code   RO         2430    i.get_robot_id      referee.o
    0x0800cb88   0x0800cb88   0x00000008   Code   RO         2431    i.get_robot_status_point  referee.o
    0x0800cb90   0x0800cb90   0x000000dc   Code   RO          644    i.imu_cali_slove    ins_task.o
    0x0800cc6c   0x0800cc6c   0x000000fc   Code   RO          645    i.imu_cmd_spi_dma   ins_task.o
    0x0800cd68   0x0800cd68   0x0000000c   Code   RO          175    i.imu_pwm_set       bsp_imu_pwm.o
    0x0800cd74   0x0800cd74   0x0000007c   Code   RO          646    i.imu_temp_control  ins_task.o
    0x0800cdf0   0x0800cdf0   0x00000074   Code   RO         2435    i.init_referee_struct_data  referee.o
    0x0800ce64   0x0800ce64   0x00000002   Code   RO         2888    i.ist8310_GPIO_init  ist8310driver_middleware.o
    0x0800ce66   0x0800ce66   0x00000002   PAD
    0x0800ce68   0x0800ce68   0x00000024   Code   RO         2890    i.ist8310_IIC_read_single_reg  ist8310driver_middleware.o
    0x0800ce8c   0x0800ce8c   0x00000024   Code   RO         2892    i.ist8310_IIC_write_single_reg  ist8310driver_middleware.o
    0x0800ceb0   0x0800ceb0   0x00000010   Code   RO         2893    i.ist8310_RST_H     ist8310driver_middleware.o
    0x0800cec0   0x0800cec0   0x00000010   Code   RO         2894    i.ist8310_RST_L     ist8310driver_middleware.o
    0x0800ced0   0x0800ced0   0x00000002   Code   RO         2895    i.ist8310_com_init  ist8310driver_middleware.o
    0x0800ced2   0x0800ced2   0x00000004   Code   RO         2896    i.ist8310_delay_ms  ist8310driver_middleware.o
    0x0800ced6   0x0800ced6   0x00000002   PAD
    0x0800ced8   0x0800ced8   0x00000080   Code   RO         2853    i.ist8310_init      ist8310driver.o
    0x0800cf58   0x0800cf58   0x000000a8   Code   RO         2971    i.main              main.o
    0x0800d000   0x0800d000   0x0000000c   Code   RO         9555    i.makeFreeRtosPriority  cmsis_os.o
    0x0800d00c   0x0800d00c   0x00000078   Code   RO         1785    i.motion_frame_update  usb_task.o
    0x0800d084   0x0800d084   0x00000010   Code   RO         9557    i.osDelay           cmsis_os.o
    0x0800d094   0x0800d094   0x0000000a   Code   RO         9560    i.osKernelStart     cmsis_os.o
    0x0800d09e   0x0800d09e   0x0000005c   Code   RO         9594    i.osThreadCreate    cmsis_os.o
    0x0800d0fa   0x0800d0fa   0x00000002   PAD
    0x0800d0fc   0x0800d0fc   0x00000024   Code   RO         9006    i.pcTaskGetName     tasks.o
    0x0800d120   0x0800d120   0x00000194   Code   RO         2604    i.power_control     power_control.o
    0x0800d2b4   0x0800d2b4   0x00000080   Code   RO         9007    i.prvAddCurrentTaskToDelayedList  tasks.o
    0x0800d334   0x0800d334   0x00000088   Code   RO         9008    i.prvAddNewTaskToReadyList  tasks.o
    0x0800d3bc   0x0800d3bc   0x0000005c   Code   RO         9387    i.prvCheckForValidListAndQueue  timers.o
    0x0800d418   0x0800d418   0x00000040   Code   RO         9009    i.prvCheckTasksWaitingTermination  tasks.o
    0x0800d458   0x0800d458   0x00000024   Code   RO         8660    i.prvCopyDataFromQueue  queue.o
    0x0800d47c   0x0800d47c   0x0000006e   Code   RO         8661    i.prvCopyDataToQueue  queue.o
    0x0800d4ea   0x0800d4ea   0x00000040   Code   RO         9010    i.prvDeleteTCB      tasks.o
    0x0800d52a   0x0800d52a   0x00000002   PAD
    0x0800d52c   0x0800d52c   0x00000024   Code   RO         9388    i.prvGetNextExpireTime  timers.o
    0x0800d550   0x0800d550   0x00000050   Code   RO         9934    i.prvHeapInit       heap_4.o
    0x0800d5a0   0x0800d5a0   0x00000028   Code   RO         9011    i.prvIdleTask       tasks.o
    0x0800d5c8   0x0800d5c8   0x00000018   Code   RO         8664    i.prvInitialiseNewQueue  queue.o
    0x0800d5e0   0x0800d5e0   0x00000098   Code   RO         9012    i.prvInitialiseNewTask  tasks.o
    0x0800d678   0x0800d678   0x00000060   Code   RO         9013    i.prvInitialiseTaskLists  tasks.o
    0x0800d6d8   0x0800d6d8   0x0000005c   Code   RO         9935    i.prvInsertBlockIntoFreeList  heap_4.o
    0x0800d734   0x0800d734   0x00000048   Code   RO         9390    i.prvInsertTimerInActiveList  timers.o
    0x0800d77c   0x0800d77c   0x0000001a   Code   RO         8665    i.prvIsQueueEmpty   queue.o
    0x0800d796   0x0800d796   0x0000001e   Code   RO         8666    i.prvIsQueueFull    queue.o
    0x0800d7b4   0x0800d7b4   0x00000068   Code   RO         9391    i.prvProcessExpiredTimer  timers.o
    0x0800d81c   0x0800d81c   0x00000110   Code   RO         9392    i.prvProcessReceivedCommands  timers.o
    0x0800d92c   0x0800d92c   0x0000006c   Code   RO         9393    i.prvProcessTimerOrBlockTask  timers.o
    0x0800d998   0x0800d998   0x00000024   Code   RO         9014    i.prvResetNextTaskUnblockTime  tasks.o
    0x0800d9bc   0x0800d9bc   0x0000002c   Code   RO         9394    i.prvSampleTimeNow  timers.o
    0x0800d9e8   0x0800d9e8   0x0000006e   Code   RO         9015    i.prvSearchForNameWithinSingleList  tasks.o
    0x0800da56   0x0800da56   0x00000002   PAD
    0x0800da58   0x0800da58   0x00000078   Code   RO         9395    i.prvSwitchTimerLists  timers.o
    0x0800dad0   0x0800dad0   0x00000030   Code   RO         9991    i.prvTaskExitError  port.o
    0x0800db00   0x0800db00   0x00000014   Code   RO         9396    i.prvTimerTask      timers.o
    0x0800db14   0x0800db14   0x00000068   Code   RO         8667    i.prvUnlockQueue    queue.o
    0x0800db7c   0x0800db7c   0x000000e8   Code   RO         9936    i.pvPortMalloc      heap_4.o
    0x0800dc64   0x0800dc64   0x0000002c   Code   RO         9992    i.pxPortInitialiseStack  port.o
    0x0800dc90   0x0800dc90   0x00000084   Code   RO        15418    i.quat_normalization  AHRS.lib(ahrs.o)
    0x0800dd14   0x0800dd14   0x00000128   Code   RO         2436    i.referee_data_solve  referee.o
    0x0800de3c   0x0800de3c   0x00000104   Code   RO         1934    i.referee_unpack_fifo_data  referee_task.o
    0x0800df40   0x0800df40   0x00000010   Code   RO         2129    i.remote_control_init  remote_control.o
    0x0800df50   0x0800df50   0x000000b4   Code   RO         2130    i.sbus_to_rc        remote_control.o
    0x0800e004   0x0800e004   0x0000003e   Code   RO        15760    i.sqrtf             m_wm.l(sqrtf.o)
    0x0800e042   0x0800e042   0x00000002   PAD
    0x0800e044   0x0800e044   0x00000018   Code   RO          817    i.toe_is_error      detect_task.o
    0x0800e05c   0x0800e05c   0x00000068   Code   RO         9019    i.ulTaskNotifyTake  tasks.o
    0x0800e0c4   0x0800e0c4   0x0000007a   Code   RO        15419    i.update_w          AHRS.lib(ahrs.o)
    0x0800e13e   0x0800e13e   0x00000002   PAD
    0x0800e140   0x0800e140   0x000000b8   Code   RO          585    i.usart6_init       bsp_usart.o
    0x0800e1f8   0x0800e1f8   0x00000026   Code   RO         8620    i.uxListRemove      list.o
    0x0800e21e   0x0800e21e   0x00000002   PAD
    0x0800e220   0x0800e220   0x00000014   Code   RO         3100    i.vApplicationGetIdleTaskMemory  freertos.o
    0x0800e234   0x0800e234   0x00000018   Code   RO         3101    i.vApplicationGetTimerTaskMemory  freertos.o
    0x0800e24c   0x0800e24c   0x00000016   Code   RO         8621    i.vListInitialise   list.o
    0x0800e262   0x0800e262   0x00000006   Code   RO         8622    i.vListInitialiseItem  list.o
    0x0800e268   0x0800e268   0x00000036   Code   RO         8623    i.vListInsert       list.o
    0x0800e29e   0x0800e29e   0x00000018   Code   RO         8624    i.vListInsertEnd    list.o
    0x0800e2b6   0x0800e2b6   0x00000002   PAD
    0x0800e2b8   0x0800e2b8   0x00000040   Code   RO         9994    i.vPortEnterCritical  port.o
    0x0800e2f8   0x0800e2f8   0x0000002c   Code   RO         9995    i.vPortExitCritical  port.o
    0x0800e324   0x0800e324   0x00000064   Code   RO         9937    i.vPortFree         heap_4.o
    0x0800e388   0x0800e388   0x00000024   Code   RO         9996    i.vPortSetupTimerInterrupt  port.o
    0x0800e3ac   0x0800e3ac   0x00000054   Code   RO         9997    i.vPortValidateInterruptPriority  port.o
    0x0800e400   0x0800e400   0x00000028   Code   RO         8671    i.vQueueAddToRegistry  queue.o
    0x0800e428   0x0800e428   0x0000004a   Code   RO         8674    i.vQueueWaitForMessageRestricted  queue.o
    0x0800e472   0x0800e472   0x00000002   PAD
    0x0800e474   0x0800e474   0x00000050   Code   RO         9026    i.vTaskDelay        tasks.o
    0x0800e4c4   0x0800e4c4   0x00000010   Code   RO         9030    i.vTaskInternalSetTimeOutState  tasks.o
    0x0800e4d4   0x0800e4d4   0x0000000c   Code   RO         9031    i.vTaskMissedYield  tasks.o
    0x0800e4e0   0x0800e4e0   0x000000bc   Code   RO         9032    i.vTaskNotifyGiveFromISR  tasks.o
    0x0800e59c   0x0800e59c   0x00000034   Code   RO         9033    i.vTaskPlaceOnEventList  tasks.o
    0x0800e5d0   0x0800e5d0   0x0000003c   Code   RO         9034    i.vTaskPlaceOnEventListRestricted  tasks.o
    0x0800e60c   0x0800e60c   0x00000090   Code   RO         9041    i.vTaskStartScheduler  tasks.o
    0x0800e69c   0x0800e69c   0x00000010   Code   RO         9043    i.vTaskSuspendAll   tasks.o
    0x0800e6ac   0x0800e6ac   0x00000060   Code   RO         9044    i.vTaskSwitchContext  tasks.o
    0x0800e70c   0x0800e70c   0x00000030   Code   RO         1786    i.velocity_update   usb_task.o
    0x0800e73c   0x0800e73c   0x0000003c   Code   RO         2550    i.verify_CRC16_check_sum  crc8_crc16.o
    0x0800e778   0x0800e778   0x00000026   Code   RO         2551    i.verify_CRC8_check_sum  crc8_crc16.o
    0x0800e79e   0x0800e79e   0x00000002   PAD
    0x0800e7a0   0x0800e7a0   0x00000104   Code   RO         9998    i.xPortStartScheduler  port.o
    0x0800e8a4   0x0800e8a4   0x00000070   Code   RO         8678    i.xQueueGenericCreateStatic  queue.o
    0x0800e914   0x0800e914   0x00000090   Code   RO         8679    i.xQueueGenericReset  queue.o
    0x0800e9a4   0x0800e9a4   0x00000170   Code   RO         8680    i.xQueueGenericSend  queue.o
    0x0800eb14   0x0800eb14   0x000000be   Code   RO         8681    i.xQueueGenericSendFromISR  queue.o
    0x0800ebd2   0x0800ebd2   0x00000002   PAD
    0x0800ebd4   0x0800ebd4   0x00000148   Code   RO         8689    i.xQueueReceive     queue.o
    0x0800ed1c   0x0800ed1c   0x00000098   Code   RO         9047    i.xTaskCheckForTimeOut  tasks.o
    0x0800edb4   0x0800edb4   0x0000006c   Code   RO         9048    i.xTaskCreate       tasks.o
    0x0800ee20   0x0800ee20   0x00000060   Code   RO         9049    i.xTaskCreateStatic  tasks.o
    0x0800ee80   0x0800ee80   0x0000008c   Code   RO         9053    i.xTaskGetHandle    tasks.o
    0x0800ef0c   0x0800ef0c   0x0000001c   Code   RO         9054    i.xTaskGetSchedulerState  tasks.o
    0x0800ef28   0x0800ef28   0x0000000c   Code   RO         9055    i.xTaskGetTickCount  tasks.o
    0x0800ef34   0x0800ef34   0x000000d4   Code   RO         9057    i.xTaskIncrementTick  tasks.o
    0x0800f008   0x0800f008   0x0000009c   Code   RO         9060    i.xTaskPriorityDisinherit  tasks.o
    0x0800f0a4   0x0800f0a4   0x00000078   Code   RO         9062    i.xTaskRemoveFromEventList  tasks.o
    0x0800f11c   0x0800f11c   0x000000cc   Code   RO         9063    i.xTaskResumeAll    tasks.o
    0x0800f1e8   0x0800f1e8   0x00000068   Code   RO         9403    i.xTimerCreateTimerTask  timers.o
    0x0800f250   0x0800f250   0x00000074   Code   RO         9404    i.xTimerGenericCommand  timers.o
    0x0800f2c4   0x0800f2c4   0x0000002c   Code   RO        16017    locale$$code        c_w.l(lc_numeric_c.o)
    0x0800f2f0   0x0800f2f0   0x00000062   Code   RO        15614    x$fpl$d2f           fz_wm.l(d2f.o)
    0x0800f352   0x0800f352   0x00000002   PAD
    0x0800f354   0x0800f354   0x00000150   Code   RO        15616    x$fpl$dadd          fz_wm.l(daddsub_clz.o)
    0x0800f4a4   0x0800f4a4   0x000002b0   Code   RO        15623    x$fpl$ddiv          fz_wm.l(ddiv.o)
    0x0800f754   0x0800f754   0x00000154   Code   RO        15636    x$fpl$dmul          fz_wm.l(dmul.o)
    0x0800f8a8   0x0800f8a8   0x0000009c   Code   RO        15888    x$fpl$dnaninf       fz_wm.l(dnaninf.o)
    0x0800f944   0x0800f944   0x0000000c   Code   RO        15890    x$fpl$dretinf       fz_wm.l(dretinf.o)
    0x0800f950   0x0800f950   0x00000198   Code   RO        15892    x$fpl$dsqrt         fz_wm.l(dsqrt_umaal.o)
    0x0800fae8   0x0800fae8   0x000001d4   Code   RO        15618    x$fpl$dsub          fz_wm.l(daddsub_clz.o)
    0x0800fcbc   0x0800fcbc   0x00000056   Code   RO        15640    x$fpl$f2d           fz_wm.l(f2d.o)
    0x0800fd12   0x0800fd12   0x0000008c   Code   RO        15894    x$fpl$fnaninf       fz_wm.l(fnaninf.o)
    0x0800fd9e   0x0800fd9e   0x0000000a   Code   RO        16028    x$fpl$fpinit        fz_wm.l(fpinit.o)
    0x0800fda8   0x0800fda8   0x0000000a   Code   RO        15896    x$fpl$fretinf       fz_wm.l(fretinf.o)
    0x0800fdb2   0x0800fdb2   0x00000004   Code   RO        15646    x$fpl$printf1       fz_wm.l(printf1.o)
    0x0800fdb6   0x0800fdb6   0x00000000   Code   RO        15900    x$fpl$usenofp       fz_wm.l(usenofp.o)
    0x0800fdb6   0x0800fdb6   0x00000002   PAD
    0x0800fdb8   0x0800fdb8   0x0000000c   Data   RO          651    .constdata          ins_task.o
    0x0800fdc4   0x0800fdc4   0x00000018   Data   RO          951    .constdata          chassis_task.o
    0x0800fddc   0x0800fddc   0x00000078   Data   RO         1244    .constdata          gimbal_task.o
    0x0800fe54   0x0800fe54   0x00000024   Data   RO         1557    .constdata          shoot_task.o
    0x0800fe78   0x0800fe78   0x00000300   Data   RO         2553    .constdata          crc8_crc16.o
    0x08010178   0x08010178   0x00000012   Data   RO         2662    .constdata          bmi088driver.o
    0x0801018a   0x0801018a   0x0000000c   Data   RO         2856    .constdata          ist8310driver.o
    0x08010196   0x08010196   0x00000002   PAD
    0x08010198   0x08010198   0x000000e0   Data   RO         3103    .constdata          freertos.o
    0x08010278   0x08010278   0x00000008   Data   RO         5487    .constdata          stm32f4xx_hal_dma.o
    0x08010280   0x08010280   0x00000010   Data   RO         8483    .constdata          system_stm32f4xx.o
    0x08010290   0x08010290   0x00000008   Data   RO         8484    .constdata          system_stm32f4xx.o
    0x08010298   0x08010298   0x00000804   Data   RO        11178    .constdata          commontables.o
    0x08010a9c   0x08010a9c   0x0000000c   Data   RO        15420    .constdata          AHRS.lib(ahrs.o)
    0x08010aa8   0x08010aa8   0x00000094   Data   RO        15984    .constdata          c_w.l(bigflt0.o)
    0x08010b3c   0x08010b3c   0x00000004   Data   RO        16033    .constdata          c_w.l(sys_io.o)
    0x08010b40   0x08010b40   0x00000004   Data   RO        16034    .constdata          c_w.l(sys_io.o)
    0x08010b44   0x08010b44   0x00000004   Data   RO        16035    .constdata          c_w.l(sys_io.o)
    0x08010b48   0x08010b48   0x00000067   Data   RO         3104    .conststring        freertos.o
    0x08010baf   0x08010baf   0x00000001   PAD
    0x08010bb0   0x08010bb0   0x00000020   Data   RO        16149    Region$$Table       anon$$obj.o
    0x08010bd0   0x08010bd0   0x0000001c   Data   RO        16016    locale$$data        c_w.l(lc_numeric_c.o)


    Execution Region RW_IRAM2 (Exec base: 0x10000000, Load base: 0x08010d18, Size: 0x00000000, Max: 0x00010000, ABSOLUTE)

    **** No section assigned to this execution region ****


    Execution Region RW_IRAM1 (Exec base: 0x20000000, Load base: 0x08010bec, Size: 0x0000e2f8, Max: 0x00020000, ABSOLUTE, COMPRESSED[0x0000012c])

    Exec Addr    Load Addr    Size         Type   Attr      Idx    E Section Name        Object

    0x20000000   COMPRESSED   0x00000008   Data   RW           16    .data               bsp_delay.o
    0x20000008   COMPRESSED   0x0000000a   Data   RW          287    .data               bsp_can.o
    0x20000012   COMPRESSED   0x00000002   PAD
    0x20000014   COMPRESSED   0x00000010   Data   RW          479    .data               bsp_tim.o
    0x20000024   COMPRESSED   0x000000a4   Data   RW          653    .data               ins_task.o
    0x200000c8   COMPRESSED   0x00000004   Data   RW          862    .data               led_task.o
    0x200000cc   COMPRESSED   0x00000008   Data   RW         1245    .data               gimbal_task.o
    0x200000d4   COMPRESSED   0x00000020   Data   RW         1559    .data               shoot_task.o
    0x200000f4   COMPRESSED   0x00000004   Data   RW         1789    .data               usb_task.o
    0x200000f8   COMPRESSED   0x00000002   Data   RW         1936    .data               referee_task.o
    0x200000fa   COMPRESSED   0x00000002   Data   RW         2135    .data               remote_control.o
    0x200000fc   COMPRESSED   0x00000027   Data   RW         2438    .data               referee.o
    0x20000123   COMPRESSED   0x00000001   PAD
    0x20000124   COMPRESSED   0x00000002   Data   RW         2554    .data               crc8_crc16.o
    0x20000126   COMPRESSED   0x00000002   PAD
    0x20000128   COMPRESSED   0x00000010   Data   RW         2605    .data               power_control.o
    0x20000138   COMPRESSED   0x0000002c   Data   RW         2663    .data               bmi088driver.o
    0x20000164   COMPRESSED   0x00000020   Data   RW         3105    .data               freertos.o
    0x20000184   COMPRESSED   0x00000004   Data   RW         3341    .data               can.o
    0x20000188   COMPRESSED   0x0000001c   Data   RW         3876    .data               usbd_desc.o
    0x200001a4   COMPRESSED   0x00000032   Data   RW         3877    .data               usbd_desc.o
    0x200001d6   COMPRESSED   0x00000002   PAD
    0x200001d8   COMPRESSED   0x00000014   Data   RW         3947    .data               usbd_cdc_if.o
    0x200001ec   COMPRESSED   0x0000000c   Data   RW         5914    .data               stm32f4xx_hal.o
    0x200001f8   COMPRESSED   0x00000004   Data   RW         8485    .data               system_stm32f4xx.o
    0x200001fc   COMPRESSED   0x0000003c   Data   RW         9066    .data               tasks.o
    0x20000238   COMPRESSED   0x00000014   Data   RW         9412    .data               timers.o
    0x2000024c   COMPRESSED   0x00000020   Data   RW         9943    .data               heap_4.o
    0x2000026c   COMPRESSED   0x0000000c   Data   RW         9999    .data               port.o
    0x20000278   COMPRESSED   0x00000001   Data   RW        10221    .data               usbd_ctlreq.o
    0x20000279   COMPRESSED   0x00000003   PAD
    0x2000027c   COMPRESSED   0x000000d7   Data   RW        10380    .data               usbd_cdc.o
    0x20000353   COMPRESSED   0x00000001   PAD
    0x20000354   COMPRESSED   0x00000038   Data   RW        10381    .data               usbd_cdc.o
    0x2000038c   COMPRESSED   0x00000010   Data   RW        15421    .data               AHRS.lib(ahrs.o)
    0x2000039c   COMPRESSED   0x00000004   Data   RW        15836    .data               c_w.l(stdio_streams.o)
    0x200003a0   COMPRESSED   0x00000004   Data   RW        15837    .data               c_w.l(stdio_streams.o)
    0x200003a4   COMPRESSED   0x00000004   Data   RW        15838    .data               c_w.l(stdio_streams.o)
    0x200003a8        -       0x0000005a   Zero   RW          285    .bss                bsp_can.o
    0x20000402   COMPRESSED   0x00000002   PAD
    0x20000404        -       0x0000014c   Zero   RW          648    .bss                ins_task.o
    0x20000550        -       0x0000021c   Zero   RW          818    .bss                detect_task.o
    0x2000076c        -       0x000001ac   Zero   RW          950    .bss                chassis_task.o
    0x20000918        -       0x00000350   Zero   RW         1243    .bss                gimbal_task.o
    0x20000c68        -       0x0000022c   Zero   RW         1556    .bss                shoot_task.o
    0x20000e94        -       0x0000001a   Zero   RW         1787    .bss                usb_task.o
    0x20000eae        -       0x0000000a   Zero   RW         1788    .bss                usb_task.o
    0x20000eb8        -       0x000008a1   Zero   RW         1935    .bss                referee_task.o
    0x20001759        -       0x0000005e   Zero   RW         2134    .bss                remote_control.o
    0x200017b7        -       0x00000063   Zero   RW         2437    .bss                referee.o
    0x2000181a   COMPRESSED   0x00000002   PAD
    0x2000181c        -       0x000006a8   Zero   RW         3102    .bss                freertos.o
    0x20001ec4        -       0x00000050   Zero   RW         3340    .bss                can.o
    0x20001f14        -       0x00000054   Zero   RW         3415    .bss                i2c.o
    0x20001f68        -       0x00000118   Zero   RW         3457    .bss                spi.o
    0x20002080        -       0x000001b0   Zero   RW         3505    .bss                tim.o
    0x20002230        -       0x000001ec   Zero   RW         3579    .bss                usart.o
    0x2000241c        -       0x000002d0   Zero   RW         3630    .bss                usb_device.o
    0x200026ec        -       0x00000628   Zero   RW         3691    .bss                usbd_conf.o
    0x20002d14        -       0x00000200   Zero   RW         3875    .bss                usbd_desc.o
    0x20002f14        -       0x00001000   Zero   RW         3946    .bss                usbd_cdc_if.o
    0x20003f14        -       0x00000048   Zero   RW         4214    .bss                stm32f4xx_hal_timebase_tim.o
    0x20003f5c        -       0x00000040   Zero   RW         8692    .bss                queue.o
    0x20003f9c        -       0x000000f0   Zero   RW         9065    .bss                tasks.o
    0x2000408c        -       0x00000110   Zero   RW         9411    .bss                timers.o
    0x2000419c        -       0x00006000   Zero   RW         9942    .bss                heap_4.o
    0x2000a19c        -       0x00000054   Zero   RW        15833    .bss                c_w.l(stdio_streams.o)
    0x2000a1f0        -       0x00000054   Zero   RW        15834    .bss                c_w.l(stdio_streams.o)
    0x2000a244        -       0x00000054   Zero   RW        15835    .bss                c_w.l(stdio_streams.o)
    0x2000a298        -       0x00000060   Zero   RW        15940    .bss                c_w.l(libspace.o)
    0x2000a2f8        -       0x00002000   Zero   RW            2    HEAP                startup_stm32f407xx.o
    0x2000c2f8        -       0x00002000   Zero   RW            1    STACK               startup_stm32f407xx.o


==============================================================================

Image component sizes


      Code (inc. data)   RO Data    RW Data    ZI Data      Debug   Object Name

        70          6          0          0          0       5508   ahrs_middleware.o
      2158         32         18         44          0      10763   bmi088driver.o
       108         28          0          0          0       4624   bmi088middleware.o
       640         52          0         10         90     580657   bsp_can.o
        92         18          0          8          0     596244   bsp_delay.o
        12          4          0          0          0        510   bsp_imu_pwm.o
        96         12          0          0          0       1046   bsp_rc.o
      4964         74          0          0          0       2442   bsp_spi.o
       124         26          0         16          0     718685   bsp_tim.o
       184         24          0          0          0       1153   bsp_usart.o
       388         42          0          4         80       2522   can.o
      1476        126         24          0        428      12999   chassis_task.o
       130          0          0          0          0      23075   cmsis_os.o
         0          0       2052          0          0      13371   commontables.o
       170         16        768          2          0       3727   crc8_crc16.o
       104         12          0          0        540       1880   detect_task.o
       124          4          0          0          0        854   dma.o
         0          0          0          0          0      19756   event_groups.o
       260         28          0          0          0       1676   fastmathfunctions.o
       194          0          0          0          0       9761   fifo.o
       236         18        327         32       1704      32560   freertos.o
      1856        222        120          8        848      13163   gimbal_task.o
       424         26          0          0          0       1243   gpio.o
       504         32          0         32      24576       5127   heap_4.o
       200         32          0          0         84       1757   i2c.o
      2084        148         12        164        332      25005   ins_task.o
       128          6         12          0          0       1947   ist8310driver.o
       112         22          0          0          0       3863   ist8310driver_middleware.o
        48         12          0          4          0      14927   led_task.o
       144          0          0          0          0       3682   list.o
       372         40          0          0          0       3380   main.o
       388          8          0          0          0     584786   pid.o
       814         92          0         12          0      12177   port.o
       404         62          0         16          0       3427   power_control.o
      1586         24          0          0         64      17908   queue.o
       460         34          0         39         99      10058   referee.o
       464         44          0          2       2209       8625   referee_task.o
       384         30          0          2         94       4356   remote_control.o
      1148        144         36         32        556     682643   shoot_task.o
       324         34          0          0        280       1943   spi.o
        64         26        392          0      16384        852   startup_stm32f407xx.o
       116         18          0         12          0       8834   stm32f4xx_hal.o
      1638          6          0          0          0      14607   stm32f4xx_hal_can.o
       158         14          0          0          0      33230   stm32f4xx_hal_cortex.o
       752         16          8          0          0       4160   stm32f4xx_hal_dma.o
       546         52          0          0          0       3544   stm32f4xx_hal_gpio.o
      2174         52          0          0          0      13154   stm32f4xx_hal_i2c.o
        56          4          0          0          0        870   stm32f4xx_hal_msp.o
      2308         14          0          0          0      13001   stm32f4xx_hal_pcd.o
        78          0          0          0          0       2473   stm32f4xx_hal_pcd_ex.o
      1424         92          0          0          0       6513   stm32f4xx_hal_rcc.o
       942         12          0          0          0       4997   stm32f4xx_hal_spi.o
      2366        174          0          0          0      19804   stm32f4xx_hal_tim.o
       148         28          0          0          0       2521   stm32f4xx_hal_tim_ex.o
       116         14          0          0         72       1447   stm32f4xx_hal_timebase_tim.o
       664         10          0          0          0       4256   stm32f4xx_hal_uart.o
       160         58          0          0          0       9133   stm32f4xx_it.o
      2690        132          0          0          0      23618   stm32f4xx_ll_usb.o
        16          4         24          4          0       1155   system_stm32f4xx.o
      2858        238          0         60        240      46943   tasks.o
      1144        114          0          0        432       6239   tim.o
      1088         94          0         20        272      31147   timers.o
       660         74          0          0        492       3544   usart.o
        84         18          0          0        720        808   usb_device.o
       212         30          0          4         36       3841   usb_task.o
       932         16          0        271          0      14309   usbd_cdc.o
       144         28          0         20       4096       4826   usbd_cdc_if.o
       644         24          0          0       1576      16448   usbd_conf.o
       790          0          0          0          0      13625   usbd_core.o
      1796         28          0          1          0      17708   usbd_ctlreq.o
       288        104          0         78        512       6085   usbd_desc.o
       132          0          0          0          0       4640   usbd_ioreq.o
         8          0          0          0          0        500   user_task.o

    ----------------------------------------------------------------------
     50646       3028       3828        908      56820    3782662   Object Totals
         0          0         32          0          0          0   (incl. Generated)
        76          0          3         11          4          0   (incl. Padding)

    ----------------------------------------------------------------------

      Code (inc. data)   RO Data    RW Data    ZI Data      Debug   Library Member Name

      2718         84         12         16          0       9922   ahrs.o
        90          0          0          0          0          0   __dczerorl2.o
         8          0          0          0          0         68   __main.o
       284          0          0          0          0        156   __printf_wp.o
         0          0          0          0          0          0   __rtentry.o
        12          0          0          0          0          0   __rtentry2.o
         6          0          0          0          0          0   __rtentry4.o
        52          8          0          0          0          0   __scatter.o
        28          0          0          0          0          0   __scatter_zi.o
        48          6          0          0          0         96   _printf_char_common.o
        36          4          0          0          0         80   _printf_char_file.o
         6          0          0          0          0          0   _printf_f.o
      1054          0          0          0          0        216   _printf_fp_dec.o
       128         16          0          0          0         84   _printf_fp_infnan.o
         0          0          0          0          0          0   _printf_percent.o
         4          0          0          0          0          0   _printf_percent_end.o
        22          0          0          0          0        100   _rserrno.o
        16          0          0          0          0         68   aeabi_memset.o
       228          4        148          0          0         96   bigflt0.o
      1936        128          0          0          0        672   btod.o
        10          0          0          0          0         68   defsig_exit.o
        50          0          0          0          0         88   defsig_general.o
        80         58          0          0          0         76   defsig_rtmem_inner.o
        14          0          0          0          0         80   defsig_rtmem_outer.o
        52         38          0          0          0         76   defsig_rtred_inner.o
        14          0          0          0          0         80   defsig_rtred_outer.o
        18          0          0          0          0         80   exit.o
        76          0          0          0          0         88   fclose.o
         8          0          0          0          0         68   ferror.o
       236          4          0          0          0        128   fopen.o
       248          6          0          0          0         84   fseek.o
        66          0          0          0          0         76   ftell.o
        94          0          0          0          0         80   h1_alloc.o
        52          0          0          0          0         68   h1_extend.o
        78          0          0          0          0         80   h1_free.o
        14          0          0          0          0         84   h1_init.o
         6          0          0          0          0        152   heapauxi.o
         4          0          0          0          0        136   hguard.o
         0          0          0          0          0          0   indicate_semi.o
       138          0          0          0          0        168   init_alloc.o
       312         46          0          0          0        112   initio.o
        44         10         28          0          0         76   lc_numeric_c.o
         2          0          0          0          0          0   libinit.o
        34          0          0          0          0          0   libinit2.o
         2          0          0          0          0          0   libshutdown.o
         6          0          0          0          0          0   libshutdown2.o
         8          4          0          0         96         68   libspace.o
       138          0          0          0          0         80   lludiv10.o
       238          0          0          0          0        100   lludivv7m.o
         0          0          0          0          0          0   maybetermalloc1.o
        24          4          0          0          0         84   noretval__2printf.o
         8          4          0          0          0         68   rt_errno_addr_intlibspace.o
         8          4          0          0          0         68   rt_heap_descriptor_intlibspace.o
         8          4          0          0          0         68   rt_locale_intlibspace.o
        68          0          0          0          0         68   rt_memclr.o
        78          0          0          0          0         80   rt_memclr_w.o
       138          0          0          0          0         68   rt_memcpy_v6.o
       100          0          0          0          0         80   rt_memcpy_w.o
         2          0          0          0          0          0   rtexit.o
        10          0          0          0          0          0   rtexit2.o
        70          0          0          0          0         80   setvbuf.o
       240          6          0          0          0        156   stdio.o
         0          0          0         12        252          0   stdio_streams.o
       128          0          0          0          0         68   strcmpv7m.o
        62          0          0          0          0         76   strlen.o
        12          4          0          0          0         68   sys_exit.o
       102          0         12          0          0        240   sys_io.o
        74          0          0          0          0         80   sys_stackheap_outer.o
        14          0          0          0          0         76   sys_wrch.o
         2          0          0          0          0         68   use_no_semi.o
        98          4          0          0          0        140   d2f.o
       804         16          0          0          0        368   daddsub_clz.o
       688        140          0          0          0        256   ddiv.o
       340         12          0          0          0        152   dmul.o
       156          4          0          0          0        140   dnaninf.o
        12          0          0          0          0        116   dretinf.o
       408         56          0          0          0        168   dsqrt_umaal.o
        86          4          0          0          0        132   f2d.o
       140          4          0          0          0        132   fnaninf.o
        10          0          0          0          0        116   fpinit.o
        10          0          0          0          0        116   fretinf.o
         4          0          0          0          0        116   printf1.o
         0          0          0          0          0          0   usenofp.o
       300         42          0          0          0        176   asinf.o
       592         90          0          0          0        184   atan2f.o
        48          0          0          0          0        124   fpclassify.o
        38          0          0          0          0        116   fpclassifyf.o
        44         12          0          0          0        464   funder.o
       122          0          0          0          0        148   sqrt.o
       120          0          0          0          0        272   sqrtf.o

    ----------------------------------------------------------------------
     13914        826        200         28        348      18686   Library Totals
        28          0          0          0          0          0   (incl. Padding)

    ----------------------------------------------------------------------

      Code (inc. data)   RO Data    RW Data    ZI Data      Debug   Library Name

      2718         84         12         16          0       9922   AHRS.lib
      7148        358        188         12        348       5328   c_w.l
      2756        240          0          0          0       1952   fz_wm.l
      1264        144          0          0          0       1484   m_wm.l

    ----------------------------------------------------------------------
     13914        826        200         28        348      18686   Library Totals

    ----------------------------------------------------------------------

==============================================================================


      Code (inc. data)   RO Data    RW Data    ZI Data      Debug   

     64560       3854       4028        936      57168    3750284   Grand Totals
     64560       3854       4028        300      57168    3750284   ELF Image Totals (compressed)
     64560       3854       4028        300          0          0   ROM Totals

==============================================================================

    Total RO  Size (Code + RO Data)                68588 (  66.98kB)
    Total RW  Size (RW Data + ZI Data)             58104 (  56.74kB)
    Total ROM Size (Code + RO Data + RW Data)      68888 (  67.27kB)

==============================================================================

